Component: ARM Compiler 5.06 update 7 (build 960) Tool: armlink [4d3601]

==============================================================================

Section Cross References

    stm32f10x_it.o(.text) refers to printfa.o(i.__0printf) for __2printf
    stm32f10x_it.o(.text) refers to usart.o(.text) for uart1_init
    stm32f10x_it.o(.text) refers to user_arm.o(.text) for E2prom_Write_Byte
    stm32f10x_it.o(.text) refers to ptransfer.o(.bss) for Test
    system_stm32f10x.o(.text) refers to system_stm32f10x.o(.data) for .data
    stm32f10x_adc.o(.text) refers to stm32f10x_rcc.o(.text) for RCC_APB2PeriphResetCmd
    stm32f10x_dac.o(.text) refers to stm32f10x_rcc.o(.text) for RCC_APB1PeriphResetCmd
    stm32f10x_gpio.o(.text) refers to stm32f10x_rcc.o(.text) for RCC_APB2PeriphResetCmd
    stm32f10x_rcc.o(.text) refers to stm32f10x_rcc.o(.data) for .data
    stm32f10x_spi.o(.text) refers to stm32f10x_rcc.o(.text) for RCC_APB2PeriphResetCmd
    stm32f10x_tim.o(.text) refers to stm32f10x_rcc.o(.text) for RCC_APB1PeriphResetCmd
    stm32f10x_usart.o(.text) refers to stm32f10x_rcc.o(.text) for RCC_APB2PeriphResetCmd
    stm32f10x_wwdg.o(.text) refers to stm32f10x_rcc.o(.text) for RCC_APB1PeriphResetCmd
    stm32f10x_bkp.o(.text) refers to stm32f10x_rcc.o(.text) for RCC_BackupResetCmd
    stm32f10x_pwr.o(.text) refers to stm32f10x_rcc.o(.text) for RCC_APB1PeriphResetCmd
    startup_stm32f10x_hd.o(RESET) refers to startup_stm32f10x_hd.o(.text) for Reset_Handler
    startup_stm32f10x_hd.o(RESET) refers to stm32f10x_it.o(.text) for NMI_Handler
    startup_stm32f10x_hd.o(RESET) refers to port.o(.emb_text) for vPortSVCHandler
    startup_stm32f10x_hd.o(RESET) refers to port.o(.text) for xPortSysTickHandler
    startup_stm32f10x_hd.o(RESET) refers to timerx.o(.text) for TIM3_IRQHandler
    startup_stm32f10x_hd.o(RESET) refers to modbus.o(.text) for USART1_IRQHandler
    startup_stm32f10x_hd.o(RESET) refers to tstat_wifi.o(.text) for EXTI15_10_IRQHandler
    startup_stm32f10x_hd.o(RESET) refers to wifi.o(.text) for UART4_IRQHandler
    startup_stm32f10x_hd.o(.text) refers to system_stm32f10x.o(.text) for SystemInit
    startup_stm32f10x_hd.o(.text) refers to entry.o(.ARM.Collect$$$$00000000) for __main
    myiic.o(.text) refers to stm32f10x_gpio.o(.text) for GPIO_SetBits
    myiic.o(.text) refers to stm32f10x_rcc.o(.text) for RCC_APB2PeriphClockCmd
    myiic.o(.text) refers to delay.o(.text) for delay_us
    24cxx.o(.text) refers to myiic.o(.text) for IIC_Init
    24cxx.o(.text) refers to delay.o(.text) for delay_ms
    spi.o(.text) refers to stm32f10x_spi.o(.text) for SPI_Cmd
    spi.o(.text) refers to stm32f10x_rcc.o(.text) for RCC_APB2PeriphClockCmd
    spi.o(.text) refers to stm32f10x_gpio.o(.text) for GPIO_Init
    spi.o(.text) refers to modbus.o(.bss) for Modbus
    flash.o(.text) refers to spi.o(.text) for SPI1_ReadWriteByte
    flash.o(.text) refers to stm32f10x_rcc.o(.text) for RCC_APB2PeriphClockCmd
    flash.o(.text) refers to stm32f10x_gpio.o(.text) for GPIO_Init
    flash.o(.text) refers to delay.o(.text) for delay_us
    flash.o(.text) refers to flash.o(.data) for .data
    flash.o(.text) refers to flash.o(.bss) for .bss
    stmflash.o(.text) refers to delay.o(.text) for delay_us
    stmflash.o(.text) refers to stmflash.o(.emb_text) for MSR_MSP
    stmflash.o(.text) refers to stmflash.o(.bss) for .bss
    stmflash.o(.text) refers to stmflash.o(.data) for .data
    dma.o(.text) refers to delay.o(.text) for delay_ms
    dma.o(.text) refers to dma.o(.data) for .data
    timerx.o(.text) refers to stm32f10x_tim.o(.text) for TIM_GetFlagStatus
    timerx.o(.text) refers to stm32f10x_rcc.o(.text) for RCC_APB1PeriphClockCmd
    timerx.o(.text) refers to misc.o(.text) for NVIC_Init
    timerx.o(.text) refers to timerx.o(.data) for .data
    timerx.o(.text) refers to decode.o(.data) for miliseclast
    timerx.o(.text) refers to modbus.o(.data) for run_time
    timerx.o(.text) refers to rs485.o(.data) for SilenceTime
    enc28j60.o(.text) refers to stm32f10x_rcc.o(.text) for RCC_APB2PeriphClockCmd
    enc28j60.o(.text) refers to stm32f10x_gpio.o(.text) for GPIO_Init
    enc28j60.o(.text) refers to delay.o(.text) for delay_ms
    enc28j60.o(.text) refers to spi.o(.text) for SPI2_ReadWriteByte
    enc28j60.o(.text) refers to enc28j60.o(.data) for .data
    enc28j60.o(.text) refers to modbus.o(.text) for QuickSoftReset
    rtc.o(.text) refers to stm32f10x_rtc.o(.text) for RTC_GetCounter
    rtc.o(.text) refers to stm32f10x_rcc.o(.text) for RCC_APB1PeriphClockCmd
    rtc.o(.text) refers to stm32f10x_pwr.o(.text) for PWR_BackupAccessCmd
    rtc.o(.text) refers to stm32f10x_bkp.o(.text) for BKP_ReadBackupRegister
    rtc.o(.text) refers to delay.o(.text) for delay_ms
    rtc.o(.text) refers to rtc.o(.constdata) for .constdata
    rtc.o(.text) refers to rtc.o(.data) for .data
    rtc.o(.text) refers to user_data.o(.data) for Local_Date
    rtc.o(.text) refers to user_data.o(.data) for Local_Time
[...]
    HumSensor_dew_pt_F                       0x60000232   Data           2  tstat_wifi.o(.data)
    HumSensor_Pws                            0x60000234   Data           2  tstat_wifi.o(.data)
    HumSensor_Mix_Ratio                      0x60000236   Data           2  tstat_wifi.o(.data)
    HumSensor_Enthalpy                       0x60000238   Data           2  tstat_wifi.o(.data)
    override_timer_time                      0x6000023a   Data           2  tstat_wifi.o(.data)
    voltage_occ                              0x6000023c   Data           2  tstat_wifi.o(.data)
    tem_org                                  0x60000240   Data           4  tstat_wifi.o(.data)
    hum_org                                  0x60000244   Data           4  tstat_wifi.o(.data)
    relay_value                              0x60000248   Data           4  tstat_wifi.o(.data)
    xHandler_Input                           0x6000024c   Data           4  tstat_wifi.o(.data)
    xHandler_Output                          0x60000250   Data           4  tstat_wifi.o(.data)
    new_vcc_adc                              0x60000254   Data           6  tstat_wifi.o(.data)
    voice_table                              0x6000025a   Data          40  tstat_wifi.o(.data)
    co2_asc                                  0x60000282   Data           2  tstat_wifi.o(.data)
    flag_send_ntp_by_wifi                    0x60000284   Data           1  sntpc.o(.data)
    count_reboot_wifi                        0x60000288   Data           1  wifi.o(.data)
    flag_wifi                                0x6000028a   Data           1  wifi.o(.data)
    flag_set_wifi                            0x6000028b   Data           1  wifi.o(.data)
    rec_mstp_index                           0x6000028c   Data           1  wifi.o(.data)
    rec_mstp_index1                          0x6000028d   Data           1  wifi.o(.data)
    state                                    0x6000028e   Data           1  wifi.o(.data)
    get_ip                                   0x6000028f   Data           1  wifi.o(.data)
    flag_start_smart                         0x60000290   Data           1  wifi.o(.data)
    flag_connect_AP                          0x60000291   Data           1  wifi.o(.data)
    count_wifi_stuck                         0x60000292   Data           2  wifi.o(.data)
    bacnet_wifi_len                          0x60000294   Data           2  wifi.o(.data)
    modbus_wifi_len                          0x60000296   Data           2  wifi.o(.data)
    Wifi_Handler                             0x60000298   Data           4  wifi.o(.data)
    wifi_rx                                  0x6000029c   Data           4  wifi.o(.data)
    flag_left_key                            0x600002a1   Data           1  menuidle.o(.data)
    count_left_key                           0x600002a2   Data           1  menuidle.o(.data)
    flag_digital_top_area                    0x600002a3   Data           1  menuidle.o(.data)
    digital_top_area_type                    0x600002a4   Data           1  menuidle.o(.data)
    digital_top_area_num                     0x600002a5   Data           1  menuidle.o(.data)
    digital_top_area_changed                 0x600002a6   Data           1  menuidle.o(.data)
    current_schedule                         0x600002aa   Data           1  menuset.o(.data)
    blink_count                              0x600002ab   Data           1  menuset.o(.data)
    flag_blink                               0x600002ac   Data           1  menuset.o(.data)
    set_value                                0x600002ae   Data           2  menuset.o(.data)
    voc_ok                                   0x600002f9   Data           1  voc.o(.data)
    voc_ini_baseline                         0x600002fa   Data           1  voc.o(.data)
    voc_value                                0x600002fc   Data           2  voc.o(.data)
    iaq_baseline                             0x60000300   Data           4  voc.o(.data)
    scd4x_perform_forced                     0x60000305   Data           1  scd4x_i2c_example_usage.o(.data)
    AIS                                      0x60000306   Data           1  ai.o(.data)
    AVS                                      0x60000307   Data           1  av.o(.data)
    BVS                                      0x60000308   Data           1  bv.o(.data)
    Object_Instance_Number                   0x60000310   Data           4  device.o(.data)
    MSTP_Flag                                0x600005a2   Data           1  dlmstp.o(.data)
    This_Station                             0x600005a7   Data           1  dlmstp.o(.data)
    TransmitPacket_panel                     0x600005ab   Data           1  dlmstp.o(.data)
    DataLength                               0x600005b0   Data           2  dlmstp.o(.data)
    TransmitPacketLen                        0x600005b4   Data           2  dlmstp.o(.data)
    modbus_frame                             0x600005c4   Data           8  dlmstp.o(.data)
    Send_I_Am_Flag                           0x600005cc   Data           1  h_whois.o(.data)
    Send_Private_Flag                        0x600005cd   Data           1  h_whois.o(.data)
    CALENDARS                                0x600005ce   Data           1  calendar.o(.data)
    SCHEDULES                                0x600005cf   Data           1  schedule.o(.data)
    Start_Date                               0x600005d0   Data           5  schedule.o(.data)
    End_Date                                 0x600005d5   Data           5  schedule.o(.data)
    MSVS                                     0x600005da   Data           1  msv.o(.data)
    __microlib_freelist                      0x600005dc   Data           4  mvars.o(.data)
    iapbuf                                   0x600005e4   Data        2048  stmflash.o(.bss)
    STMFLASH_BUF                             0x60000de4   Data        2048  stmflash.o(.bss)
    SD_block_num                             0x600105fc   Data          96  monitor.o(.bss)
    read_mon_point_buf                       0x6001065c   Data         400  monitor.o(.bss)
    write_mon_point_buf                      0x600107ec   Data        9600  monitor.o(.bss)
    mon_block                                0x60012d6c   Data       11040  monitor.o(.bss)
    last_digital_index                       0x6001588c   Data          12  monitor.o(.bss)
    last_digital_sample_time                 0x60015898   Data          48  monitor.o(.bss)
    points_header                            0x600170c8   Data        2560  point.o(.bss)
    temp                                     0x60017ac8   Data         600  ptransfer.o(.bss)
    Rtc2                                     0x60017d20   Data          10  ptransfer.o(.bss)
    prg_code                                 0x60017d2a   Data       32000  ptransfer.o(.bss)
    MSTP_Send_buffer                         0x6001fa2a   Data         600  ptransfer.o(.bss)
    MSTP_Rec_Header                          0x6001fc82   Data          12  ptransfer.o(.bss)
    bacnet_to_modbus                         0x6001fc8e   Data         300  ptransfer.o(.bss)
    bacnet_to_modbus_struct                  0x6001fdba   Data         808  ptransfer.o(.bss)
    Temp_CS                                  0x600200e2   Data         598  ptransfer.o(.bss)
    Test                                     0x60020338   Data         100  ptransfer.o(.bss)
    MSTP_Rec_buffer                          0x6002039c   Data         600  ptransfer.o(.bss)
    update_dyndns_time                       0x600205f4   Data          10  user_data.o(.bss)
    input_raw                                0x600205fe   Data         128  user_data.o(.bss)
    input_raw_back                           0x6002067e   Data         128  user_data.o(.bss)
    output_raw                               0x600206fe   Data         128  user_data.o(.bss)
    output_raw_back                          0x6002077e   Data         128  user_data.o(.bss)
    chip_info                                0x600207fe   Data          12  user_data.o(.bss)
    extio_points                             0x6002080a   Data         360  user_data.o(.bss)
    month_length                             0x60020972   Data          12  user_data.o(.bss)
    info                                     0x6002097e   Data         144  user_data.o(.bss)
    var_unit                                 0x60020a0e   Data         100  user_data.o(.bss)
    Write_Special                            0x60020a72   Data         100  user_data.o(.bss)
    MISC_Info                                0x60020ad6   Data         400  user_data.o(.bss)
    Remote_tst_db                            0x60020c66   Data         385  user_data.o(.bss)
    Panel_Info                               0x60020de7   Data          23  user_data.o(.bss)
    Setting_Info                             0x60020dfe   Data         400  user_data.o(.bss)
    Garphi_data_buf                          0x60020f8e   Data         476  user_data.o(.bss)
    alarms                                   0x6002116a   Data        1632  user_data.o(.bss)
    alarms_set                               0x600217ca   Data         480  user_data.o(.bss)
    digi_units                               0x600219aa   Data         200  user_data.o(.bss)
    passwords                                0x60021a72   Data         384  user_data.o(.bss)
    programs                                 0x60021bf2   Data         592  user_data.o(.bss)
    vars                                     0x60021e42   Data        4992  user_data.o(.bss)
    controllers                              0x600231c2   Data         448  user_data.o(.bss)
    totalizers                               0x60023382   Data          90  user_data.o(.bss)
    monitors                                 0x600233dc   Data        1248  user_data.o(.bss)
    backup_monitors                          0x600238bc   Data        1248  user_data.o(.bss)
    msv_data                                 0x60023d9c   Data         736  user_data.o(.bss)
    control_groups                           0x6002407c   Data         736  user_data.o(.bss)
    group_data_new                           0x6002435c   Data       16800  user_data.o(.bss)
    weekly_routines                          0x600284fc   Data         336  user_data.o(.bss)
    wr_times                                 0x6002864c   Data        1152  user_data.o(.bss)
    wr_time_on_off                           0x60028acc   Data         576  user_data.o(.bss)
    annual_routines                          0x60028d0c   Data         132  user_data.o(.bss)
    ar_dates                                 0x60028d90   Data         184  user_data.o(.bss)
    ID_Config                                0x60028e48   Data        9906  user_data.o(.bss)
    ID_Config_Sche                           0x6002b4fa   Data         254  user_data.o(.bss)
    output_priority                          0x6002b5f8   Data        4096  user_data.o(.bss)
    output_relinquish                        0x6002c5f8   Data         256  user_data.o(.bss)
    arrays                                   0x6002c6f8   Data         176  user_data.o(.bss)
    arrays_data                              0x6002c7a8   Data        8192  user_data.o(.bss)
    panelname                                0x6002e7a8   Data          20  user_data.o(.bss)
    network_points_list                      0x6002e7bc   Data        3456  user_data.o(.bss)
    remote_points_list                       0x6002f53c   Data        3584  user_data.o(.bss)
    local_points_list                        0x6003033c   Data         400  user_data.o(.bss)
    remote_panel_db                          0x600304cc   Data        4300  user_data.o(.bss)
    Email_Setting                            0x60031598   Data         400  user_data.o(.bss)
    arrays_address                           0x60031728   Data          64  user_data.o(.bss)
    Last_Contact_Local_points                0x60031768   Data          40  user_data.o(.bss)
    Last_Contact_Network_points              0x60031790   Data         256  user_data.o(.bss)
    message                                  0x60031890   Data          94  user_data.o(.bss)
    write_page_en                            0x600318ee   Data          26  flash_user.o(.bss)
    Flash_Position                           0x60037728   Data          96  flash_user.o(.bss)
    uart1_sub_addr                           0x60037788   Data         100  commsub.o(.bss)
    sub_map                                  0x600377ec   Data        1200  commsub.o(.bss)
    tmp_sendbuf                              0x60037c9c   Data         500  scan.o(.bss)
    node_write                               0x60037e90   Data        2160  scan.o(.bss)
    com_rx                                   0x60038700   Data          12  scan.o(.bss)
    com_tx                                   0x6003870c   Data          12  scan.o(.bss)
    tstat_name                               0x60038718   Data        1600  scan.o(.bss)
    flag_tstat_name                          0x60038d58   Data         100  scan.o(.bss)
    count_read_tstat_name                    0x60038dbc   Data         200  scan.o(.bss)
    flag_rmp_ad                              0x60038e84   Data         128  scan.o(.bss)
    count_read_rmp_ad                        0x60038f04   Data         128  scan.o(.bss)
    scan_db                                  0x60038f84   Data         700  scan.o(.bss)
    scan_db_time_to_live                     0x60039240   Data         200  scan.o(.bss)
    db_online                                0x60039308   Data          32  scan.o(.bss)
    db_occupy                                0x60039328   Data          32  scan.o(.bss)
    current_online                           0x60039348   Data          32  scan.o(.bss)
    tst_retry                                0x60039368   Data         100  scan.o(.bss)
    id_conflict                              0x600393cc   Data         260  scan.o(.bss)
    high_spd_counter_tempbuf                 0x600394d0   Data          64  modbus.o(.bss)
    task_test                                0x60039520   Data          90  main.o(.bss)
    default_pwm                              0x6003957a   Data          20  main.o(.bss)
    PDUBuffer                                0x6003958e   Data         600  main.o(.bss)
    net_health                               0x600397e8   Data          16  main.o(.bss)
    old_reading                              0x600397f8   Data         128  range.o(.bss)
    intput_raw_sum                           0x60039878   Data         128  range.o(.bss)
    input_raw_max                            0x600398f8   Data          64  range.o(.bss)
    input_raw_min                            0x60039938   Data          64  range.o(.bss)
    input_count                              0x60039978   Data          32  range.o(.bss)
    FAN_MODE                                 0x60039998   Data          72  tstat_wifi.o(.bss)
    t                                        0x600399e0   Data          28  sntpc.o(.bss)
    time                                     0x600399fc   Data          20  user_arm.o(.bss)
    cStr                                     0x60039a10   Data        1024  wifi.o(.bss)
    SSID_Info                                0x60039e10   Data         124  wifi.o(.bss)
    mstp_bac_buf                             0x60039e8c   Data       30100  wifi.o(.bss)
    mstp_bac_buf1                            0x60041420   Data        6020  wifi.o(.bss)
    Scan_Infor                               0x60042ba4   Data          64  wifi.o(.bss)
    bacnet_wifi_buf                          0x60042be4   Data         600  wifi.o(.bss)
    modbus_wifi_buf                          0x60042e3c   Data         500  wifi.o(.bss)
    packet                                   0x60043030   Data        1024  wifi.o(.bss)
    SendBuff                                 0x60043430   Data         600  wifi.o(.bss)
    CurrentState                             0x60043688   Data          14  menu.o(.bss)
    fs                                       0x60043696   Data         558  exfuns.o(.bss)
    file                                     0x600438c4   Data       26304  exfuns.o(.bss)
    rw_sd_buf                                0x60049f84   Data         512  exfuns.o(.bss)
    Address_Cache                            0x6004a1c0   Data        7905  address.o(.bss)
    Receive_Buffer_Data0                     0x6004c0a4   Data         512  rs485.o(.bss)
    Receive_Buffer0                          0x6004c2a4   Data          16  rs485.o(.bss)
    outputs                                  0x6004c2b4   Data        2880  outputs.o(.bss)
    __heap_base                              0x60076160   Data           0  startup_stm32f10x_hd.o(HEAP)
    __heap_limit                             0x60076360   Data           0  startup_stm32f10x_hd.o(HEAP)



==============================================================================

Memory Map of the image

  Image Entry point : 0x08008131

  Load Region LR_IROM1 (Base: 0x08008000, Size: 0x0004ced4, Max: 0x00060000, ABSOLUTE, COMPRESSED[0x0004c940])

    Execution Region ER_IROM1 (Exec base: 0x08008000, Load base: 0x08008000, Size: 0x0004c640, Max: 0x00060000, ABSOLUTE)

    Exec Addr    Load Addr    Size         Type   Attr      Idx    E Section Name        Object

    0x08008000   0x08008000   0x00000130   Data   RO          793    RESET               startup_stm32f10x_hd.o
    0x08008130   0x08008130   0x00000000   Code   RO         4967  * .ARM.Collect$$$$00000000  mc_w.l(entry.o)
    0x08008130   0x08008130   0x00000004   Code   RO         5359    .ARM.Collect$$$$00000001  mc_w.l(entry2.o)
    0x08008134   0x08008134   0x00000004   Code   RO         5362    .ARM.Collect$$$$00000004  mc_w.l(entry5.o)
    0x08008138   0x08008138   0x00000000   Code   RO         5364    .ARM.Collect$$$$00000008  mc_w.l(entry7b.o)
    0x08008138   0x08008138   0x00000000   Code   RO         5366    .ARM.Collect$$$$0000000A  mc_w.l(entry8b.o)
    0x08008138   0x08008138   0x00000008   Code   RO         5367    .ARM.Collect$$$$0000000B  mc_w.l(entry9a.o)
    0x08008140   0x08008140   0x00000004   Code   RO         5374    .ARM.Collect$$$$0000000E  mc_w.l(entry12b.o)
    0x08008144   0x08008144   0x00000000   Code   RO         5369    .ARM.Collect$$$$0000000F  mc_w.l(entry10a.o)
    0x08008144   0x08008144   0x00000000   Code   RO         5371    .ARM.Collect$$$$00000011  mc_w.l(entry11a.o)
    0x08008144   0x08008144   0x00000004   Code   RO         5360    .ARM.Collect$$$$00002712  mc_w.l(entry2.o)
    0x08008148   0x08008148   0x00000006   Code   RO          971    .emb_text           stmflash.o
    0x0800814e   0x0800814e   0x00000002   PAD
    0x08008150   0x08008150   0x00000096   Code   RO         1418    .emb_text           port.o
    0x080081e6   0x080081e6   0x00000014   Code   RO         4979    .text               mc_w.l(strchr.o)
    0x080081fa   0x080081fa   0x00000000   Code   RO         5432    .text               mc_w.l(iusefp.o)
    0x080081fa   0x080081fa   0x00000006   Code   RO         5330    i.__mathlib_dbl_infnan  m_ws.l(dunder.o)
    0x08008200   0x08008200   0x00000014   Data   RO         2368    .ARM.__AT_0x08008200  info.o
    0x08008214   0x08008214   0x00000108   Code   RO            1    .text               stm32f10x_it.o
    0x0800831c   0x0800831c   0x00000158   Code   RO          508    .text               system_stm32f10x.o
    0x08008474   0x08008474   0x000000b0   Code   RO          526    .text               misc.o
    0x08008524   0x08008524   0x00000338   Code   RO          558    .text               stm32f10x_adc.o
    0x0800885c   0x0800885c   0x000001c8   Code   RO          601    .text               stm32f10x_dma.o
    0x08008a24   0x08008a24   0x000000e8   Code   RO          613    .text               stm32f10x_exti.o
    0x08008b0c   0x08008b0c   0x00000264   Code   RO          638    .text               stm32f10x_gpio.o
    0x08008d70   0x08008d70   0x0000003c   Code   RO          650    .text               stm32f10x_iwdg.o
    0x08008dac   0x08008dac   0x000002b8   Code   RO          662    .text               stm32f10x_rcc.o
    0x08009064   0x08009064   0x00000110   Code   RO          676    .text               stm32f10x_rtc.o
    0x08009174   0x08009174   0x00000274   Code   RO          701    .text               stm32f10x_spi.o
    0x080093e8   0x080093e8   0x00000af0   Code   RO          713    .text               stm32f10x_tim.o
    0x08009ed8   0x08009ed8   0x00000328   Code   RO          726    .text               stm32f10x_usart.o
    0x0800a200   0x0800a200   0x00000098   Code   RO          753    .text               stm32f10x_bkp.o
    0x0800a298   0x0800a298   0x000000ac   Code   RO          765    .text               stm32f10x_pwr.o
    0x0800a344   0x0800a344   0x000000c4   Code   RO          794    .text               startup_stm32f10x_hd.o
    0x0800a408   0x0800a408   0x00000250   Code   RO          798    .text               myiic.o
    0x0800a658   0x0800a658   0x0000013e   Code   RO          814    .text               24cxx.o
    0x0800a796   0x0800a796   0x00000002   PAD
    0x0800a798   0x0800a798   0x000003b8   Code   RO          826    .text               spi.o
    0x0800ab50   0x0800ab50   0x000002a8   Code   RO          972    .text               stmflash.o
    0x0800adf8   0x0800adf8   0x00000154   Code   RO         1007    .text               timerx.o
    0x0800af4c   0x0800af4c   0x00000324   Code   RO         1086    .text               rtc.o
    0x0800b270   0x0800b270   0x000005d8   Code   RO         1117    .text               mmc_sd.o
    0x0800b848   0x0800b848   0x000001ec   Code   RO         1242    .text               i2c_hal.o
    0x0800ba34   0x0800ba34   0x00000548   Code   RO         1261    .text               sht3x.o
    0x0800bf7c   0x0800bf7c   0x000000c8   Code   RO         1293    .text               sht4x.o
    0x0800c044   0x0800c044   0x00000090   Code   RO         1323    .text               sht4x_example_usage.o
    0x0800c0d4   0x0800c0d4   0x00000d84   Code   RO         1341    .text               tasks.o
    0x0800ce58   0x0800ce58   0x00000088   Code   RO         1385    .text               list.o
    0x0800cee0   0x0800cee0   0x000005ea   Code   RO         1400    .text               queue.o
    0x0800d4ca   0x0800d4ca   0x00000002   PAD
    0x0800d4cc   0x0800d4cc   0x000000c8   Code   RO         1419    .text               port.o
    0x0800d594   0x0800d594   0x000000f4   Code   RO         1449    .text               heap_2.o
    0x0800d688   0x0800d688   0x00000314   Code   RO         1467    .text               usart.o
    0x0800d99c   0x0800d99c   0x0000009c   Code   RO         1526    .text               delay.o
    0x0800da38   0x0800da38   0x00002308   Code   RO         1540    .text               bac_interface.o
    0x0800fd40   0x0800fd40   0x0000029c   Code   RO         1576    .text               bip.o
    0x0800ffdc   0x0800ffdc   0x000008b0   Code   RO         1655    .text               alarm.o
    0x0801088c   0x0801088c   0x00000ba8   Code   RO         1825    .text               bac_control.o
    0x08011434   0x08011434   0x000018f4   Code   RO         1873    .text               decode.o
    0x08012d28   0x08012d28   0x00000d44   Code   RO         1909    .text               monitor.o
    0x08013a6c   0x08013a6c   0x000019e4   Code   RO         1942    .text               point.o
    0x08015450   0x08015450   0x000022a4   Code   RO         1975    .text               ptransfer.o
    0x080176f4   0x080176f4   0x000012c6   Code   RO         2020    .text               user_data.o
    0x080189ba   0x080189ba   0x00000002   PAD
    0x080189bc   0x080189bc   0x00000588   Code   RO         2100    .text               io.o
    0x08018f44   0x08018f44   0x00000ebc   Code   RO         2113    .text               flash_user.o
    0x08019e00   0x08019e00   0x00001a58   Code   RO         2136    .text               er-tft024-3_4-wire_spi.o
    0x0801b858   0x0801b858   0x00000154   Code   RO         2206    .text               key.o
    0x0801b9ac   0x0801b9ac   0x000005b0   Code   RO         2237    .text               commsub.o
    0x0801bf5c   0x0801bf5c   0x000026d0   Code   RO         2268    .text               scan.o
    0x0801e62c   0x0801e62c   0x00004c30   Code   RO         2377    .text               modbus.o
    0x0802325c   0x0802325c   0x00001b04   Code   RO         2448    .text               main.o
    0x08024d60   0x08024d60   0x00000180   Code   RO         2503    .text               range.o
    0x08024ee0   0x08024ee0   0x000019f4   Code   RO         2520    .text               tstat_wifi.o
    0x080268d4   0x080268d4   0x000003e4   Code   RO         2551    .text               sntpc.o
    0x08026cb8   0x08026cb8   0x00000274   Code   RO         2574    .text               user_arm.o
    0x08026f2c   0x08026f2c   0x00000f78   Code   RO         2589    .text               wifi.o
    0x08027ea4   0x08027ea4   0x00001088   Code   RO         2620    .text               bsp_esp8266.o
    0x08028f2c   0x08028f2c   0x00000154   Code   RO         2721    .text               menu.o
    0x08029080   0x08029080   0x0000114c   Code   RO         2772    .text               menuidle.o
    0x0802a1cc   0x0802a1cc   0x00000258   Code   RO         2793    .text               menuset.o
    0x0802a424   0x0802a424   0x00000134   Code   RO         2849    .text               menumain.o
    0x0802a558   0x0802a558   0x00000814   Code   RO         2865    .text               menudayset.o
    0x0802ad6c   0x0802ad6c   0x00000610   Code   RO         2881    .text               exfuns.o
    0x0802b37c   0x0802b37c   0x000000a2   Code   RO         2924    .text               diskio.o
    0x0802b41e   0x0802b41e   0x00000002   PAD
    0x0802b420   0x0802b420   0x00001d4a   Code   RO         2943    .text               ff.o
    0x0802d16a   0x0802d16a   0x000001aa   Code   RO         2959    .text               sensirion_common.o
    0x0802d314   0x0802d314   0x00000196   Code   RO         2972    .text               sensirion_sw_i2c.o
    0x0802d4aa   0x0802d4aa   0x00000002   PAD
    0x0802d4ac   0x0802d4ac   0x000000a4   Code   RO         2988    .text               sensirion_sw_i2c_implementation.o
    0x0802d550   0x0802d550   0x000004a4   Code   RO         3014    .text               sgp30.o
    0x0802d9f4   0x0802d9f4   0x00000158   Code   RO         3085    .text               voc.o
    0x0802db4c   0x0802db4c   0x000004fc   Code   RO         3106    .text               scd4x_i2c.o
    0x0802e048   0x0802e048   0x000000d0   Code   RO         3131    .text               scd4x_i2c_example_usage.o
    0x0802e118   0x0802e118   0x000001f4   Code   RO         3153    .text               sensirion_i2c.o
    0x0802e30c   0x0802e30c   0x00000304   Code   RO         3166    .text               bacnet_ARM_revXX_T10.lib(ai.o)
    0x0802e610   0x0802e610   0x000004d8   Code   RO         3364    .text               bacnet_ARM_revXX_T10.lib(ao.o)
    0x0802eae8   0x0802eae8   0x00000492   Code   RO         3434    .text               bacnet_ARM_revXX_T10.lib(av.o)
    0x0802ef7a   0x0802ef7a   0x00000002   PAD
    0x0802ef7c   0x0802ef7c   0x000005a8   Code   RO         3455    .text               bacnet_ARM_revXX_T10.lib(address.o)
    0x0802f524   0x0802f524   0x00000470   Code   RO         3533    .text               bacnet_ARM_revXX_T10.lib(apdu.o)
    0x0802f994   0x0802f994   0x000002f0   Code   RO         3562    .text               bacnet_ARM_revXX_T10.lib(bi.o)
    0x0802fc84   0x0802fc84   0x000003e4   Code   RO         3584    .text               bacnet_ARM_revXX_T10.lib(bv.o)
    0x08030068   0x08030068   0x0000050e   Code   RO         3601    .text               bacnet_ARM_revXX_T10.lib(bo.o)
    0x08030576   0x08030576   0x00000002   PAD
    0x08030578   0x08030578   0x00000804   Code   RO         3742    .text               bacnet_ARM_revXX_T10.lib(bacapp.o)
    0x08030d7c   0x08030d7c   0x00000d4c   Code   RO         3769    .text               bacnet_ARM_revXX_T10.lib(bacdcode.o)
    0x08031ac8   0x08031ac8   0x00000138   Code   RO         3825    .text               bacnet_ARM_revXX_T10.lib(bacint.o)
    0x08031c00   0x08031c00   0x00000116   Code   RO         3837    .text               bacnet_ARM_revXX_T10.lib(bacreal.o)
    0x08031d16   0x08031d16   0x00000020   Code   RO         3850    .text               bacnet_ARM_revXX_T10.lib(bvlc.o)
    0x08031d36   0x08031d36   0x0000004e   Code   RO         3862    .text               bacnet_ARM_revXX_T10.lib(crc.o)
    0x08031d84   0x08031d84   0x00000080   Code   RO         3877    .text               bacnet_ARM_revXX_T10.lib(datalink.o)
    0x08031e04   0x08031e04   0x00000948   Code   RO         3960    .text               bacnet_ARM_revXX_T10.lib(device.o)
    0x0803274c   0x0803274c   0x00000a90   Code   RO         3988    .text               bacnet_ARM_revXX_T10.lib(dlmstp.o)
    0x080331dc   0x080331dc   0x0000017a   Code   RO         4027    .text               bacnet_ARM_revXX_T10.lib(fifo.o)
    0x08033356   0x08033356   0x000000d2   Code   RO         4043    .text               bacnet_ARM_revXX_T10.lib(h_iam.o)
    0x08033428   0x08033428   0x00000094   Code   RO         4055    .text               bacnet_ARM_revXX_T10.lib(h_npdu.o)
    0x080334bc   0x080334bc   0x000002e0   Code   RO         4067    .text               bacnet_ARM_revXX_T10.lib(h_rp.o)
    0x0803379c   0x0803379c   0x00000048   Code   RO         4097    .text               bacnet_ARM_revXX_T10.lib(h_whois.o)
    0x080337e4   0x080337e4   0x00000188   Code   RO         4121    .text               bacnet_ARM_revXX_T10.lib(h_wp.o)
    0x0803396c   0x0803396c   0x00000054   Code   RO         4136    .text               bacnet_ARM_revXX_T10.lib(noserv.o)
    0x080339c0   0x080339c0   0x000000a4   Code   RO         4190    .text               bacnet_ARM_revXX_T10.lib(rs485.o)
    0x08033a64   0x08033a64   0x000000f8   Code   RO         4220    .text               bacnet_ARM_revXX_T10.lib(s_upt.o)
    0x08033b5c   0x08033b5c   0x00000274   Code   RO         4233    .text               bacnet_ARM_revXX_T10.lib(calendar.o)
    0x08033dd0   0x08033dd0   0x000004d0   Code   RO         4254    .text               bacnet_ARM_revXX_T10.lib(schedule.o)
    0x080342a0   0x080342a0   0x00000110   Code   RO         4275    .text               bacnet_ARM_revXX_T10.lib(s_rp.o)
    0x080343b0   0x080343b0   0x0000017c   Code   RO         4296    .text               bacnet_ARM_revXX_T10.lib(s_wp.o)
    0x0803452c   0x0803452c   0x000003a4   Code   RO         4308    .text               bacnet_ARM_revXX_T10.lib(h_rpm.o)
    0x080348d0   0x080348d0   0x00000134   Code   RO         4333    .text               bacnet_ARM_revXX_T10.lib(h_wpm.o)
    0x08034a04   0x08034a04   0x000001c0   Code   RO         4348    .text               bacnet_ARM_revXX_T10.lib(proprietary.o)
    0x08034bc4   0x08034bc4   0x00000348   Code   RO         4365    .text               bacnet_ARM_revXX_T10.lib(msv.o)
    0x08034f0c   0x08034f0c   0x0000089c   Code   RO         4389    .text               IO_control_ARM_revx.lib(inputs.o)
    0x080357a8   0x080357a8   0x0000007c   Code   RO         4416    .text               IO_control_ARM_revx.lib(outputs.o)
    0x08035824   0x08035824   0x00000058   Code   RO         4435    .text               bacnet_ARM_revXX_T10.lib(abort.o)
    0x0803587c   0x0803587c   0x0000009c   Code   RO         4447    .text               bacnet_ARM_revXX_T10.lib(bacaddr.o)
    0x08035918   0x08035918   0x000000be   Code   RO         4459    .text               bacnet_ARM_revXX_T10.lib(bacerror.o)
    0x080359d6   0x080359d6   0x00000002   PAD
    0x080359d8   0x080359d8   0x0000056c   Code   RO         4504    .text               bacnet_ARM_revXX_T10.lib(bacstr.o)
    0x08035f44   0x08035f44   0x000006b8   Code   RO         4519    .text               bacnet_ARM_revXX_T10.lib(datetime.o)
    0x080365fc   0x080365fc   0x0000012e   Code   RO         4579    .text               bacnet_ARM_revXX_T10.lib(iam.o)
    0x0803672a   0x0803672a   0x00000002   PAD
    0x0803672c   0x0803672c   0x000002b0   Code   RO         4592    .text               bacnet_ARM_revXX_T10.lib(npdu.o)
    0x080369dc   0x080369dc   0x00000068   Code   RO         4641    .text               bacnet_ARM_revXX_T10.lib(reject.o)
    0x08036a44   0x08036a44   0x00000248   Code   RO         4653    .text               bacnet_ARM_revXX_T10.lib(rp.o)
    0x08036c8c   0x08036c8c   0x000000ea   Code   RO         4665    .text               bacnet_ARM_revXX_T10.lib(s_iam.o)
    0x08036d76   0x08036d76   0x00000002   PAD
    0x08036d78   0x08036d78   0x00000108   Code   RO         4677    .text               bacnet_ARM_revXX_T10.lib(s_whois.o)
    0x08036e80   0x08036e80   0x00000290   Code   RO         4690    .text               bacnet_ARM_revXX_T10.lib(tsm.o)
    0x08037110   0x08037110   0x000001a8   Code   RO         4715    .text               bacnet_ARM_revXX_T10.lib(whois.o)
    0x080372b8   0x080372b8   0x000001c4   Code   RO         4731    .text               bacnet_ARM_revXX_T10.lib(wp.o)
    0x0803747c   0x0803747c   0x000000a2   Code   RO         4743    .text               bacnet_ARM_revXX_T10.lib(bactimevalue.o)
    0x0803751e   0x0803751e   0x00000472   Code   RO         4756    .text               bacnet_ARM_revXX_T10.lib(rpm.o)
    0x08037990   0x08037990   0x0000031e   Code   RO         4769    .text               bacnet_ARM_revXX_T10.lib(wpm.o)
    0x08037cae   0x08037cae   0x0000001c   Code   RO         4781    .text               bacnet_ARM_revXX_T10.lib(memcopy.o)
    0x08037cca   0x08037cca   0x00000002   PAD
    0x08037ccc   0x08037ccc   0x00000164   Code   RO         4796    .text               bacnet_ARM_revXX_T10.lib(s_ts.o)
    0x08037e30   0x08037e30   0x000000a0   Code   RO         4809    .text               bacnet_ARM_revXX_T10.lib(h_ts.o)
    0x08037ed0   0x08037ed0   0x000000a2   Code   RO         4821    .text               bacnet_ARM_revXX_T10.lib(h_whohas.o)
    0x08037f72   0x08037f72   0x000001c2   Code   RO         4836    .text               bacnet_ARM_revXX_T10.lib(proplist.o)
    0x08038134   0x08038134   0x00000224   Code   RO         4852    .text               bacnet_ARM_revXX_T10.lib(timesync.o)
    0x08038358   0x08038358   0x00000084   Code   RO         4864    .text               bacnet_ARM_revXX_T10.lib(s_ihave.o)
    0x080383dc   0x080383dc   0x0000015c   Code   RO         4879    .text               bacnet_ARM_revXX_T10.lib(whohas.o)
    0x08038538   0x08038538   0x000000f0   Code   RO         4894    .text               bacnet_ARM_revXX_T10.lib(ihave.o)
    0x08038628   0x08038628   0x00000024   Code   RO         4970    .text               mc_w.l(rand.o)
    0x0803864c   0x0803864c   0x00000024   Code   RO         4973    .text               mc_w.l(memcpya.o)
    0x08038670   0x08038670   0x00000024   Code   RO         4975    .text               mc_w.l(memseta.o)
    0x08038694   0x08038694   0x00000024   Code   RO         4977    .text               mc_w.l(strstr.o)
    0x080386b8   0x080386b8   0x0000000e   Code   RO         4981    .text               mc_w.l(strlen.o)
    0x080386c6   0x080386c6   0x0000001c   Code   RO         4983    .text               mc_w.l(strcmp.o)
    0x080386e2   0x080386e2   0x00000014   Code   RO         4985    .text               mc_w.l(memchr.o)
    0x080386f6   0x080386f6   0x0000001a   Code   RO         4987    .text               mc_w.l(memcmp.o)
    0x08038710   0x08038710   0x00000012   Code   RO         4989    .text               mc_w.l(strcpy.o)
    0x08038722   0x08038722   0x00000002   PAD
    0x08038724   0x08038724   0x00000038   Code   RO         5282    .text               mc_w.l(__0sscanf.o)
    0x0803875c   0x0803875c   0x0000014c   Code   RO         5284    .text               mc_w.l(_scanf_int.o)
    0x080388a8   0x080388a8   0x00000070   Code   RO         5286    .text               mc_w.l(strtol.o)
    0x08038918   0x08038918   0x00000072   Code   RO         5288    .text               mc_w.l(strtoul.o)
    0x0803898a   0x0803898a   0x000000b0   Code   RO         5290    .text               mf_w.l(fadd.o)
    0x08038a3a   0x08038a3a   0x00000064   Code   RO         5292    .text               mf_w.l(fmul.o)
    0x08038a9e   0x08038a9e   0x0000007c   Code   RO         5294    .text               mf_w.l(fdiv.o)
    0x08038b1a   0x08038b1a   0x00000018   Code   RO         5296    .text               mf_w.l(fscalb.o)
    0x08038b32   0x08038b32   0x0000014e   Code   RO         5298    .text               mf_w.l(dadd.o)
    0x08038c80   0x08038c80   0x000000e4   Code   RO         5300    .text               mf_w.l(dmul.o)
    0x08038d64   0x08038d64   0x000000de   Code   RO         5302    .text               mf_w.l(ddiv.o)
    0x08038e42   0x08038e42   0x00000012   Code   RO         5304    .text               mf_w.l(fflti.o)
    0x08038e54   0x08038e54   0x0000000a   Code   RO         5306    .text               mf_w.l(ffltui.o)
    0x08038e5e   0x08038e5e   0x00000022   Code   RO         5308    .text               mf_w.l(dflti.o)
    0x08038e80   0x08038e80   0x0000001a   Code   RO         5310    .text               mf_w.l(dfltui.o)
    0x08038e9a   0x08038e9a   0x00000032   Code   RO         5312    .text               mf_w.l(ffixi.o)
    0x08038ecc   0x08038ecc   0x00000028   Code   RO         5314    .text               mf_w.l(ffixui.o)
    0x08038ef4   0x08038ef4   0x0000003e   Code   RO         5316    .text               mf_w.l(dfixi.o)
    0x08038f32   0x08038f32   0x00000032   Code   RO         5318    .text               mf_w.l(dfixui.o)
    0x08038f64   0x08038f64   0x00000026   Code   RO         5320    .text               mf_w.l(f2d.o)
    0x08038f8a   0x08038f8a   0x00000038   Code   RO         5322    .text               mf_w.l(d2f.o)
    0x08038fc2   0x08038fc2   0x00000002   PAD
    0x08038fc4   0x08038fc4   0x00000014   Code   RO         5324    .text               mf_w.l(cfcmple.o)
    0x08038fd8   0x08038fd8   0x0000002c   Code   RO         5375    .text               mc_w.l(uidiv.o)
    0x08039004   0x08039004   0x00000062   Code   RO         5377    .text               mc_w.l(uldiv.o)
    0x08039066   0x08039066   0x0000001e   Code   RO         5379    .text               mc_w.l(llshl.o)
    0x08039084   0x08039084   0x00000020   Code   RO         5381    .text               mc_w.l(llushr.o)
    0x080390a4   0x080390a4   0x00000024   Code   RO         5383    .text               mc_w.l(llsshr.o)
    0x080390c8   0x080390c8   0x00000008   Code   RO         5385    .text               mc_w.l(ctype_o.o)
    0x080390d0   0x080390d0   0x00000012   Code   RO         5407    .text               mc_w.l(isspace_o.o)
    0x080390e2   0x080390e2   0x0000001c   Code   RO         5422    .text               mc_w.l(_chval.o)
    0x080390fe   0x080390fe   0x00000002   PAD
    0x08039100   0x08039100   0x00000028   Code   RO         5424    .text               mc_w.l(scanf_char.o)
    0x08039128   0x08039128   0x00000040   Code   RO         5426    .text               mc_w.l(_sgetc.o)
    0x08039168   0x08039168   0x0000009e   Code   RO         5428    .text               mc_w.l(_strtoul.o)
    0x08039206   0x08039206   0x00000002   PAD
    0x08039208   0x08039208   0x0000009c   Code   RO         5430    .text               mc_w.l(strtod.o)
    0x080392a4   0x080392a4   0x0000006e   Code   RO         5433    .text               mf_w.l(fepilogue.o)
    0x08039312   0x08039312   0x000000ba   Code   RO         5435    .text               mf_w.l(depilogue.o)
    0x080393cc   0x080393cc   0x0000002e   Code   RO         5437    .text               mf_w.l(dscalb.o)
    0x080393fa   0x080393fa   0x000000a2   Code   RO         5439    .text               mf_w.l(dsqrt.o)
    0x0803949c   0x0803949c   0x00000030   Code   RO         5441    .text               mf_w.l(dfixul.o)
    0x080394cc   0x080394cc   0x00000030   Code   RO         5443    .text               mf_w.l(cdcmple.o)
    0x080394fc   0x080394fc   0x00000030   Code   RO         5445    .text               mf_w.l(cdrcmple.o)
    0x0803952c   0x0803952c   0x00000024   Code   RO         5447    .text               mc_w.l(init.o)
    0x08039550   0x08039550   0x00000330   Code   RO         5451    .text               mc_w.l(_scanf.o)
    0x08039880   0x08039880   0x00000360   Code   RO         5453    .text               mc_w.l(scanf_fp.o)
    0x08039be0   0x08039be0   0x00000018   Code   RO         5460    .text               mf_w.l(dfltul.o)
    0x08039bf8   0x08039bf8   0x00000056   Code   RO         5470    .text               mc_w.l(__dczerorl2.o)
    0x08039c4e   0x08039c4e   0x00000002   PAD
    0x08039c50   0x08039c50   0x00000020   Code   RO         5226    i.__0printf         mc_w.l(printfa.o)
    0x08039c70   0x08039c70   0x00000028   Code   RO         5228    i.__0sprintf        mc_w.l(printfa.o)
    0x08039c98   0x08039c98   0x00000028   Code   RO         5343    i.__ARM_fpclassify  m_ws.l(fpclassify.o)
    0x08039cc0   0x08039cc0   0x00000008   Code   RO         5415    i.__aeabi_errno_addr  mc_w.l(errno.o)
    0x08039cc8   0x08039cc8   0x00000388   Code   RO         5348    i.__ieee754_rem_pio2  m_ws.l(rred.o)
    0x0803a050   0x0803a050   0x000000fc   Code   RO         5326    i.__kernel_cos      m_ws.l(cos_i.o)
    0x0803a14c   0x0803a14c   0x000000aa   Code   RO         5345    i.__kernel_poly     m_ws.l(poly.o)
    0x0803a1f6   0x0803a1f6   0x00000002   PAD
    0x0803a1f8   0x0803a1f8   0x000000ec   Code   RO         5353    i.__kernel_sin      m_ws.l(sin_i.o)
    0x0803a2e4   0x0803a2e4   0x00000010   Code   RO         5329    i.__mathlib_dbl_divzero  m_ws.l(dunder.o)
    0x0803a2f4   0x0803a2f4   0x00000004   Code   RO         5331    i.__mathlib_dbl_infnan2  m_ws.l(dunder.o)
    0x0803a2f8   0x0803a2f8   0x0000000c   Code   RO         5332    i.__mathlib_dbl_invalid  m_ws.l(dunder.o)
    0x0803a304   0x0803a304   0x0000000e   Code   RO         5333    i.__mathlib_dbl_overflow  m_ws.l(dunder.o)
    0x0803a312   0x0803a312   0x00000002   PAD
    0x0803a314   0x0803a314   0x00000010   Code   RO         5335    i.__mathlib_dbl_underflow  m_ws.l(dunder.o)
    0x0803a324   0x0803a324   0x0000000e   Code   RO         5464    i.__scatterload_copy  mc_w.l(handlers.o)
    0x0803a332   0x0803a332   0x00000002   Code   RO         5465    i.__scatterload_null  mc_w.l(handlers.o)
    0x0803a334   0x0803a334   0x0000000e   Code   RO         5466    i.__scatterload_zeroinit  mc_w.l(handlers.o)
    0x0803a342   0x0803a342   0x00000002   PAD
    0x0803a344   0x0803a344   0x0000000c   Code   RO         5417    i.__set_errno       mc_w.l(errno.o)
    0x0803a350   0x0803a350   0x00000184   Code   RO         5233    i._fp_digits        mc_w.l(printfa.o)
    0x0803a4d4   0x0803a4d4   0x0000000e   Code   RO         5455    i._is_digit         mc_w.l(scanf_fp.o)
    0x0803a4e2   0x0803a4e2   0x00000002   PAD
    0x0803a4e4   0x0803a4e4   0x000006b4   Code   RO         5234    i._printf_core      mc_w.l(printfa.o)
    0x0803ab98   0x0803ab98   0x00000024   Code   RO         5235    i._printf_post_padding  mc_w.l(printfa.o)
    0x0803abbc   0x0803abbc   0x0000002e   Code   RO         5236    i._printf_pre_padding  mc_w.l(printfa.o)
    0x0803abea   0x0803abea   0x0000000a   Code   RO         5238    i._sputc            mc_w.l(printfa.o)
    0x0803abf4   0x0803abf4   0x0000009c   Code   RO         4910    i.cos               m_ws.l(cos.o)
    0x0803ac90   0x0803ac90   0x00000284   Code   RO         4918    i.exp               m_ws.l(exp.o)
    0x0803af14   0x0803af14   0x00000050   Code   RO         5254    i.free              mc_w.l(malloc.o)
    0x0803af64   0x0803af64   0x0000035c   Code   RO         4928    i.log               m_ws.l(log.o)
    0x0803b2c0   0x0803b2c0   0x0000006c   Code   RO         5255    i.malloc            mc_w.l(malloc.o)
    0x0803b32c   0x0803b32c   0x000009d8   Code   RO         4938    i.pow               m_ws.l(pow.o)
    0x0803bd04   0x0803bd04   0x000000a0   Code   RO         4948    i.sin               m_ws.l(sin.o)
    0x0803bda4   0x0803bda4   0x0000004c   Code   RO         4956    i.sqrt              m_ws.l(sqrt.o)
    0x0803bdf0   0x0803bdf0   0x0000001c   Code   RO         4964    i.strtod            m_ws.l(strtod.o)
    0x0803be0c   0x0803be0c   0x00000018   Data   RO         1088    .constdata          rtc.o
    0x0803be24   0x0803be24   0x0000005a   Data   RO         2029    .constdata          user_data.o
    0x0803be7e   0x0803be7e   0x0000000f   Data   RO         2030    .constdata          user_data.o
    0x0803be8d   0x0803be8d   0x00000003   PAD
    0x0803be90   0x0803be90   0x00011388   Data   RO         2143    .constdata          er-tft024-3_4-wire_spi.o
    0x0804d218   0x0804d218   0x00000654   Data   RO         2144    .constdata          er-tft024-3_4-wire_spi.o
    0x0804d86c   0x0804d86c   0x00000020   Data   RO         2145    .constdata          er-tft024-3_4-wire_spi.o
    0x0804d88c   0x0804d88c   0x00000654   Data   RO         2146    .constdata          er-tft024-3_4-wire_spi.o
    0x0804dee0   0x0804dee0   0x00000020   Data   RO         2147    .constdata          er-tft024-3_4-wire_spi.o
    0x0804df00   0x0804df00   0x00000654   Data   RO         2148    .constdata          er-tft024-3_4-wire_spi.o
    0x0804e554   0x0804e554   0x00000020   Data   RO         2149    .constdata          er-tft024-3_4-wire_spi.o
    0x0804e574   0x0804e574   0x00000654   Data   RO         2150    .constdata          er-tft024-3_4-wire_spi.o
    0x0804ebc8   0x0804ebc8   0x00000020   Data   RO         2151    .constdata          er-tft024-3_4-wire_spi.o
    0x0804ebe8   0x0804ebe8   0x00000654   Data   RO         2152    .constdata          er-tft024-3_4-wire_spi.o
    0x0804f23c   0x0804f23c   0x00000020   Data   RO         2153    .constdata          er-tft024-3_4-wire_spi.o
    0x0804f25c   0x0804f25c   0x00000654   Data   RO         2154    .constdata          er-tft024-3_4-wire_spi.o
    0x0804f8b0   0x0804f8b0   0x00000020   Data   RO         2155    .constdata          er-tft024-3_4-wire_spi.o
    0x0804f8d0   0x0804f8d0   0x00000654   Data   RO         2156    .constdata          er-tft024-3_4-wire_spi.o
    0x0804ff24   0x0804ff24   0x00000020   Data   RO         2157    .constdata          er-tft024-3_4-wire_spi.o
    0x0804ff44   0x0804ff44   0x00000654   Data   RO         2158    .constdata          er-tft024-3_4-wire_spi.o
    0x08050598   0x08050598   0x00000020   Data   RO         2159    .constdata          er-tft024-3_4-wire_spi.o
    0x080505b8   0x080505b8   0x00000654   Data   RO         2160    .constdata          er-tft024-3_4-wire_spi.o
    0x08050c0c   0x08050c0c   0x00000020   Data   RO         2161    .constdata          er-tft024-3_4-wire_spi.o
    0x08050c2c   0x08050c2c   0x00000654   Data   RO         2162    .constdata          er-tft024-3_4-wire_spi.o
    0x08051280   0x08051280   0x00000020   Data   RO         2163    .constdata          er-tft024-3_4-wire_spi.o
    0x080512a0   0x080512a0   0x000002a4   Data   RO         2164    .constdata          er-tft024-3_4-wire_spi.o
    0x08051544   0x08051544   0x000002a4   Data   RO         2165    .constdata          er-tft024-3_4-wire_spi.o
    0x080517e8   0x080517e8   0x00000548   Data   RO         2166    .constdata          er-tft024-3_4-wire_spi.o
    0x08051d30   0x08051d30   0x00000548   Data   RO         2167    .constdata          er-tft024-3_4-wire_spi.o
    0x08052278   0x08052278   0x00000548   Data   RO         2168    .constdata          er-tft024-3_4-wire_spi.o
    0x080527c0   0x080527c0   0x00000548   Data   RO         2169    .constdata          er-tft024-3_4-wire_spi.o
    0x08052d08   0x08052d08   0x00000548   Data   RO         2170    .constdata          er-tft024-3_4-wire_spi.o
    0x08053250   0x08053250   0x00000548   Data   RO         2171    .constdata          er-tft024-3_4-wire_spi.o
    0x08053798   0x08053798   0x00000200   Data   RO         2381    .constdata          modbus.o
    0x08053998   0x08053998   0x0000000f   Data   RO         2506    .constdata          range.o
    0x080539a7   0x080539a7   0x00000018   Data   RO         2554    .constdata          sntpc.o
    0x080539bf   0x080539bf   0x00000060   Data   RO         2826    .constdata          constcode.o
    0x08053a1f   0x08053a1f   0x0000008c   Data   RO         2850    .constdata          menumain.o
    0x08053aab   0x08053aab   0x00000001   PAD
    0x08053aac   0x08053aac   0x0000002c   Data   RO         2944    .constdata          ff.o
    0x08053ad8   0x08053ad8   0x00000010   Data   RO         3016    .constdata          sgp30.o
    0x08053ae8   0x08053ae8   0x00000001   Data   RO         3041    .constdata          sgp30_featureset.o
    0x08053ae9   0x08053ae9   0x00000001   Data   RO         3042    .constdata          sgp30_featureset.o
    0x08053aea   0x08053aea   0x00000001   Data   RO         3043    .constdata          sgp30_featureset.o
    0x08053aeb   0x08053aeb   0x00000001   PAD
    0x08053aec   0x08053aec   0x00000024   Data   RO         3044    .constdata          sgp30_featureset.o
    0x08053b10   0x08053b10   0x00000024   Data   RO         3045    .constdata          sgp30_featureset.o
    0x08053b34   0x08053b34   0x00000024   Data   RO         3046    .constdata          sgp30_featureset.o
    0x08053b58   0x08053b58   0x00000024   Data   RO         3047    .constdata          sgp30_featureset.o
    0x08053b7c   0x08053b7c   0x00000024   Data   RO         3048    .constdata          sgp30_featureset.o
    0x08053ba0   0x08053ba0   0x00000024   Data   RO         3049    .constdata          sgp30_featureset.o
    0x08053bc4   0x08053bc4   0x00000030   Data   RO         3050    .constdata          sgp30_featureset.o
    0x08053bf4   0x08053bf4   0x00000030   Data   RO         3051    .constdata          sgp30_featureset.o
    0x08053c24   0x08053c24   0x00000030   Data   RO         3052    .constdata          sgp30_featureset.o
    0x08053c54   0x08053c54   0x00000030   Data   RO         3053    .constdata          sgp30_featureset.o
    0x08053c84   0x08053c84   0x00000030   Data   RO         3054    .constdata          sgp30_featureset.o
    0x08053cb4   0x08053cb4   0x00000030   Data   RO         3055    .constdata          sgp30_featureset.o
    0x08053ce4   0x08053ce4   0x00000030   Data   RO         3056    .constdata          sgp30_featureset.o
    0x08053d14   0x08053d14   0x00000030   Data   RO         3057    .constdata          sgp30_featureset.o
    0x08053d44   0x08053d44   0x00000002   Data   RO         3058    .constdata          sgp30_featureset.o
    0x08053d46   0x08053d46   0x00000002   Data   RO         3059    .constdata          sgp30_featureset.o
    0x08053d48   0x08053d48   0x00000002   Data   RO         3060    .constdata          sgp30_featureset.o
    0x08053d4a   0x08053d4a   0x00000002   PAD
    0x08053d4c   0x08053d4c   0x00000010   Data   RO         3061    .constdata          sgp30_featureset.o
    0x08053d5c   0x08053d5c   0x00000010   Data   RO         3062    .constdata          sgp30_featureset.o
    0x08053d6c   0x08053d6c   0x00000010   Data   RO         3063    .constdata          sgp30_featureset.o
    0x08053d7c   0x08053d7c   0x00000008   Data   RO         3064    .constdata          sgp30_featureset.o
    0x08053d84   0x08053d84   0x0000002c   Data   RO         3167    .constdata          bacnet_ARM_revXX_T10.lib(ai.o)
    0x08053db0   0x08053db0   0x00000034   Data   RO         3365    .constdata          bacnet_ARM_revXX_T10.lib(ao.o)
    0x08053de4   0x08053de4   0x00000020   Data   RO         3435    .constdata          bacnet_ARM_revXX_T10.lib(av.o)
    0x08053e04   0x08053e04   0x0000002c   Data   RO         3564    .constdata          bacnet_ARM_revXX_T10.lib(bi.o)
    0x08053e30   0x08053e30   0x00000030   Data   RO         3585    .constdata          bacnet_ARM_revXX_T10.lib(bv.o)
    0x08053e60   0x08053e60   0x00000040   Data   RO         3602    .constdata          bacnet_ARM_revXX_T10.lib(bo.o)
    0x08053ea0   0x08053ea0   0x00000080   Data   RO         3962    .constdata          bacnet_ARM_revXX_T10.lib(device.o)
    0x08053f20   0x08053f20   0x00000020   Data   RO         4234    .constdata          bacnet_ARM_revXX_T10.lib(calendar.o)
    0x08053f40   0x08053f40   0x00000040   Data   RO         4255    .constdata          bacnet_ARM_revXX_T10.lib(schedule.o)
    0x08053f80   0x08053f80   0x00000014   Data   RO         4349    .constdata          bacnet_ARM_revXX_T10.lib(proprietary.o)
    0x08053f94   0x08053f94   0x00000034   Data   RO         4366    .constdata          bacnet_ARM_revXX_T10.lib(msv.o)
    0x08053fc8   0x08053fc8   0x00000232   Data   RO         4391    .constdata          IO_control_ARM_revx.lib(inputs.o)
    0x080541fa   0x080541fa   0x00000100   Data   RO         4505    .constdata          bacnet_ARM_revXX_T10.lib(bacstr.o)
    0x080542fa   0x080542fa   0x00000002   PAD
    0x080542fc   0x080542fc   0x00000034   Data   RO         4520    .constdata          bacnet_ARM_revXX_T10.lib(datetime.o)
    0x08054330   0x08054330   0x00000058   Data   RO         4919    .constdata          m_ws.l(exp.o)
    0x08054388   0x08054388   0x00000038   Data   RO         4929    .constdata          m_ws.l(log.o)
    0x080543c0   0x080543c0   0x00000088   Data   RO         4939    .constdata          m_ws.l(pow.o)
    0x08054448   0x08054448   0x00000030   Data   RO         5327    .constdata          m_ws.l(cos_i.o)
    0x08054478   0x08054478   0x00000008   Data   RO         5347    .constdata          m_ws.l(qnan.o)
    0x08054480   0x08054480   0x000000c8   Data   RO         5350    .constdata          m_ws.l(rred.o)
    0x08054548   0x08054548   0x00000028   Data   RO         5354    .constdata          m_ws.l(sin_i.o)
    0x08054570   0x08054570   0x00000081   Data   RO         5386    .constdata          mc_w.l(ctype_o.o)
    0x080545f1   0x080545f1   0x00000003   PAD
    0x080545f4   0x080545f4   0x00000004   Data   RO         5387    .constdata          mc_w.l(ctype_o.o)
    0x080545f8   0x080545f8   0x00000006   Data   RO         3001    .conststring        sgp_git_version.o
    0x080545fe   0x080545fe   0x00000002   PAD
    0x08054600   0x08054600   0x00000040   Data   RO         5462    Region$$Table       anon$$obj.o


    Execution Region RW_IRAM1 (Exec base: 0x20002000, Load base: 0x0805482c, Size: 0x00004364, Max: 0x0000e000, ABSOLUTE, COMPRESSED[0x00000114])

    Exec Addr    Load Addr    Size         Type   Attr      Idx    E Section Name        Object

    0x20002000   COMPRESSED   0x00000014   Data   RW          663    .data               stm32f10x_rcc.o
    0x20002014   COMPRESSED   0x00000004   Data   RW          974    .data               stmflash.o
    0x20002018   COMPRESSED   0x00000002   Data   RW         1089    .data               rtc.o
    0x2000201a   COMPRESSED   0x00000004   Data   RW         1294    .data               sht4x.o
    0x2000201e   COMPRESSED   0x00000004   Data   RW         1469    .data               usart.o
    0x20002022   COMPRESSED   0x0000002a   Data   RW         1542    .data               bac_interface.o
    0x2000204c   COMPRESSED   0x00000002   Data   RW         1829    .data               bac_control.o
    0x2000204e   COMPRESSED   0x00000002   PAD
    0x20002050   COMPRESSED   0x00000004   Data   RW         1875    .data               decode.o
    0x20002054   COMPRESSED   0x00000010   Data   RW         1911    .data               monitor.o
    0x20002064   COMPRESSED   0x00000001   Data   RW         1944    .data               point.o
    0x20002065   COMPRESSED   0x00000003   PAD
    0x20002068   COMPRESSED   0x00000014   Data   RW         1980    .data               ptransfer.o
    0x2000207c   COMPRESSED   0x00000032   Data   RW         2033    .data               user_data.o
    0x200020ae   COMPRESSED   0x00000005   Data   RW         2034    .data               user_data.o
    0x200020b3   COMPRESSED   0x00000004   Data   RW         2035    .data               user_data.o
    0x200020b7   COMPRESSED   0x00000001   Data   RW         2037    .data               user_data.o
    0x200020b8   COMPRESSED   0x00000001   Data   RW         2039    .data               user_data.o
    0x200020b9   COMPRESSED   0x00000003   PAD
    0x200020bc   COMPRESSED   0x00000004   Data   RW         2044    .data               user_data.o
    0x200020c0   COMPRESSED   0x00000004   Data   RW         2046    .data               user_data.o
    0x200020c4   COMPRESSED   0x00000004   Data   RW         2048    .data               user_data.o
    0x200020c8   COMPRESSED   0x00000004   Data   RW         2050    .data               user_data.o
    0x200020cc   COMPRESSED   0x00000001   Data   RW         2053    .data               user_data.o
    0x200020cd   COMPRESSED   0x00000001   Data   RW         2055    .data               user_data.o
    0x200020ce   COMPRESSED   0x00000002   PAD
    0x200020d0   COMPRESSED   0x00000018   Data   RW         2208    .data               key.o
    0x200020e8   COMPRESSED   0x00000004   Data   RW         2246    .data               commsub.o
    0x200020ec   COMPRESSED   0x00000001   Data   RW         2248    .data               commsub.o
    0x200020ed   COMPRESSED   0x00000001   Data   RW         2250    .data               commsub.o
    0x200020ee   COMPRESSED   0x00000001   Data   RW         2273    .data               scan.o
    0x200020ef   COMPRESSED   0x00000001   Data   RW         2287    .data               scan.o
    0x200020f0   COMPRESSED   0x00000001   Data   RW         2388    .data               modbus.o
    0x200020f1   COMPRESSED   0x00000003   Data   RW         2391    .data               modbus.o
    0x200020f4   COMPRESSED   0x00000001   Data   RW         2394    .data               modbus.o
    0x200020f5   COMPRESSED   0x00000003   PAD
    0x200020f8   COMPRESSED   0x00000048   Data   RW         2451    .data               main.o
    0x20002140   COMPRESSED   0x00000002   Data   RW         2462    .data               main.o
    0x20002142   COMPRESSED   0x00000001   Data   RW         2464    .data               main.o
    0x20002143   COMPRESSED   0x00000001   PAD
    0x20002144   COMPRESSED   0x00000004   Data   RW         2466    .data               main.o
    0x20002148   COMPRESSED   0x00000002   Data   RW         2527    .data               tstat_wifi.o
    0x2000214a   COMPRESSED   0x00000002   PAD
    0x2000214c   COMPRESSED   0x0000000a   Data   RW         2555    .data               sntpc.o
    0x20002156   COMPRESSED   0x00000001   Data   RW         2596    .data               wifi.o
    0x20002157   COMPRESSED   0x00000001   PAD
    0x20002158   COMPRESSED   0x0000006c   Data   RW         2725    .data               menu.o
    0x200021c4   COMPRESSED   0x00000044   Data   RW         2866    .data               menudayset.o
    0x20002208   COMPRESSED   0x00000014   Data   RW         2886    .data               exfuns.o
    0x2000221c   COMPRESSED   0x00000004   Data   RW         3002    .data               sgp_git_version.o
    0x20002220   COMPRESSED   0x00000008   Data   RW         3065    .data               sgp30_featureset.o
    0x20002228   COMPRESSED   0x00000008   Data   RW         3068    .data               sgp30_featureset.o
    0x20002230   COMPRESSED   0x00000018   Data   RW         3070    .data               sgp30_featureset.o
    0x20002248   COMPRESSED   0x0000000c   Data   RW         3072    .data               sgp30_featureset.o
    0x20002254   COMPRESSED   0x00000001   Data   RW         3366    .data               bacnet_ARM_revXX_T10.lib(ao.o)
    0x20002255   COMPRESSED   0x00000003   PAD
    0x20002258   COMPRESSED   0x00000039   Data   RW         3535    .data               bacnet_ARM_revXX_T10.lib(apdu.o)
    0x20002291   COMPRESSED   0x00000001   Data   RW         3565    .data               bacnet_ARM_revXX_T10.lib(bi.o)
    0x20002292   COMPRESSED   0x00000001   Data   RW         3603    .data               bacnet_ARM_revXX_T10.lib(bo.o)
    0x20002293   COMPRESSED   0x00000001   PAD
    0x20002294   COMPRESSED   0x0000000c   Data   RW         3743    .data               bacnet_ARM_revXX_T10.lib(bacapp.o)
    0x200022a0   COMPRESSED   0x00000001   Data   RW         4099    .data               bacnet_ARM_revXX_T10.lib(h_whois.o)
    0x200022a1   COMPRESSED   0x00000001   Data   RW         4103    .data               bacnet_ARM_revXX_T10.lib(h_whois.o)
    0x200022a2   COMPRESSED   0x00000002   Data   RW         4194    .data               bacnet_ARM_revXX_T10.lib(rs485.o)
    0x200022a4   COMPRESSED   0x00000001   Data   RW         4350    .data               bacnet_ARM_revXX_T10.lib(proprietary.o)
    0x200022a5   COMPRESSED   0x00000001   Data   RW         4692    .data               bacnet_ARM_revXX_T10.lib(tsm.o)
    0x200022a6   COMPRESSED   0x00000002   PAD
    0x200022a8   COMPRESSED   0x00000004   Data   RW         4971    .data               mc_w.l(rand.o)
    0x200022ac   COMPRESSED   0x00000004   Data   RW         5414    .data               mc_w.l(mvars.o)
    0x200022b0        -       0x0000000a   Zero   RW         1087    .bss                rtc.o
    0x200022ba   COMPRESSED   0x00000002   PAD
    0x200022bc        -       0x000001f4   Zero   RW         1342    .bss                tasks.o
    0x200024b0        -       0x00000814   Zero   RW         1541    .bss                bac_interface.o
    0x20002cc4        -       0x00000100   Zero   RW         1826    .bss                bac_control.o
    0x20002dc4        -       0x00000100   Zero   RW         2026    .bss                user_data.o
    0x20002ec4        -       0x00000050   Zero   RW         2027    .bss                user_data.o
    0x20002f14        -       0x00000120   Zero   RW         2101    .bss                io.o
    0x20003034        -       0x0000001b   Zero   RW         2138    .bss                er-tft024-3_4-wire_spi.o
    0x2000304f        -       0x00000064   Zero   RW         2238    .bss                commsub.o
    0x200030b3        -       0x00000064   Zero   RW         2240    .bss                commsub.o
    0x20003117   COMPRESSED   0x00000001   PAD
    0x20003118        -       0x00001190   Zero   RW         2378    .bss                modbus.o
    0x200042a8        -       0x00000040   Zero   RW         2379    .bss                modbus.o
    0x200042e8        -       0x00000010   Zero   RW         2522    .bss                tstat_wifi.o
    0x200042f8        -       0x0000005e   Zero   RW         2524    .bss                tstat_wifi.o
    0x20004356        -       0x0000001e   Zero   RW         2553    .bss                sntpc.o
    0x20004374        -       0x00000402   Zero   RW         2621    .bss                bsp_esp8266.o
    0x20004776        -       0x00000025   Zero   RW         2773    .bss                menuidle.o
    0x2000479b   COMPRESSED   0x00000001   PAD
    0x2000479c        -       0x0000000a   Zero   RW         3086    .bss                voc.o
    0x200047a6   COMPRESSED   0x00000002   PAD
    0x200047a8        -       0x00000194   Zero   RW         3534    .bss                bacnet_ARM_revXX_T10.lib(apdu.o)
    0x2000493c        -       0x00000040   Zero   RW         3563    .bss                bacnet_ARM_revXX_T10.lib(bi.o)
    0x2000497c        -       0x00000272   Zero   RW         3989    .bss                bacnet_ARM_revXX_T10.lib(dlmstp.o)
    0x20004bee        -       0x0000026b   Zero   RW         4122    .bss                bacnet_ARM_revXX_T10.lib(h_wp.o)
    0x20004e59        -       0x00000258   Zero   RW         4309    .bss                bacnet_ARM_revXX_T10.lib(h_rpm.o)
    0x200050b1        -       0x00000dcd   Zero   RW         4390    .bss                IO_control_ARM_revx.lib(inputs.o)
    0x20005e7e        -       0x000004e4   Zero   RW         4706    .bss                bacnet_ARM_revXX_T10.lib(txbuf.o)


    Execution Region RW_RAM1 (Exec base: 0x60000000, Load base: 0x08054640, Size: 0x00076360, Max: 0x00080000, ABSOLUTE, COMPRESSED[0x000001ec])

    Exec Addr    Load Addr    Size         Type   Attr      Idx    E Section Name        Object

    0x60000000   COMPRESSED   0x00000014   Data   RW          509    .data               system_stm32f10x.o
    0x60000014   COMPRESSED   0x00000008   Data   RW         1008    .data               timerx.o
    0x6000001c   COMPRESSED   0x00000001   Data   RW         1118    .data               mmc_sd.o
    0x6000001d   COMPRESSED   0x00000002   Data   RW         1262    .data               sht3x.o
    0x6000001f   COMPRESSED   0x00000001   Data   RW         1324    .data               sht4x_example_usage.o
    0x60000020   COMPRESSED   0x0000003c   Data   RW         1343    .data               tasks.o
    0x6000005c   COMPRESSED   0x00000004   Data   RW         1420    .data               port.o
    0x60000060   COMPRESSED   0x00000018   Data   RW         1451    .data               heap_2.o
    0x60000078   COMPRESSED   0x00000004   Data   RW         1527    .data               delay.o
    0x6000007c   COMPRESSED   0x00000018   Data   RW         1579    .data               bip.o
    0x60000094   COMPRESSED   0x00000014   Data   RW         1827    .data               bac_control.o
    0x600000a8   COMPRESSED   0x0000000c   Data   RW         1874    .data               decode.o
    0x600000b4   COMPRESSED   0x00000004   Data   RW         1912    .data               monitor.o
    0x600000b8   COMPRESSED   0x00000001   Data   RW         2036    .data               user_data.o
    0x600000b9   COMPRESSED   0x00000001   Data   RW         2038    .data               user_data.o
    0x600000ba   COMPRESSED   0x00000001   Data   RW         2042    .data               user_data.o
    0x600000bb   COMPRESSED   0x00000001   PAD
    0x600000bc   COMPRESSED   0x00000004   Data   RW         2043    .data               user_data.o
    0x600000c0   COMPRESSED   0x00000004   Data   RW         2045    .data               user_data.o
    0x600000c4   COMPRESSED   0x00000004   Data   RW         2047    .data               user_data.o
    0x600000c8   COMPRESSED   0x00000004   Data   RW         2049    .data               user_data.o
    0x600000cc   COMPRESSED   0x00000004   Data   RW         2052    .data               user_data.o
    0x600000d0   COMPRESSED   0x00000001   Data   RW         2054    .data               user_data.o
    0x600000d1   COMPRESSED   0x00000005   Data   RW         2056    .data               user_data.o
    0x600000d6   COMPRESSED   0x00000002   PAD
    0x600000d8   COMPRESSED   0x0000006c   Data   RW         2172    .data               er-tft024-3_4-wire_spi.o
    0x60000144   COMPRESSED   0x00000001   Data   RW         2247    .data               commsub.o
    0x60000145   COMPRESSED   0x00000001   Data   RW         2249    .data               commsub.o
    0x60000146   COMPRESSED   0x00000002   PAD
    0x60000148   COMPRESSED   0x00000048   Data   RW         2271    .data               scan.o
    0x60000190   COMPRESSED   0x00000001   Data   RW         2272    .data               scan.o
    0x60000191   COMPRESSED   0x00000001   Data   RW         2286    .data               scan.o
    0x60000192   COMPRESSED   0x00000002   PAD
    0x60000194   COMPRESSED   0x00000080   Data   RW         2382    .data               modbus.o
    0x60000214   COMPRESSED   0x00000001   Data   RW         2387    .data               modbus.o
    0x60000215   COMPRESSED   0x00000001   Data   RW         2389    .data               modbus.o
    0x60000216   COMPRESSED   0x00000003   Data   RW         2392    .data               modbus.o
    0x60000219   COMPRESSED   0x00000001   PAD
    0x6000021a   COMPRESSED   0x00000002   Data   RW         2393    .data               modbus.o
    0x6000021c   COMPRESSED   0x00000001   Data   RW         2463    .data               main.o
    0x6000021d   COMPRESSED   0x00000003   PAD
    0x60000220   COMPRESSED   0x00000004   Data   RW         2465    .data               main.o
    0x60000224   COMPRESSED   0x00000004   Data   RW         2467    .data               main.o
    0x60000228   COMPRESSED   0x0000005a   Data   RW         2525    .data               tstat_wifi.o
    0x60000282   COMPRESSED   0x00000002   Data   RW         2526    .data               tstat_wifi.o
    0x60000284   COMPRESSED   0x00000001   Data   RW         2556    .data               sntpc.o
    0x60000285   COMPRESSED   0x00000003   PAD
    0x60000288   COMPRESSED   0x00000018   Data   RW         2593    .data               wifi.o
    0x600002a0   COMPRESSED   0x0000000a   Data   RW         2774    .data               menuidle.o
    0x600002aa   COMPRESSED   0x00000006   Data   RW         2794    .data               menuset.o
    0x600002b0   COMPRESSED   0x00000008   Data   RW         2945    .data               ff.o
    0x600002b8   COMPRESSED   0x00000004   Data   RW         3066    .data               sgp30_featureset.o
    0x600002bc   COMPRESSED   0x00000008   Data   RW         3067    .data               sgp30_featureset.o
    0x600002c4   COMPRESSED   0x00000014   Data   RW         3069    .data               sgp30_featureset.o
    0x600002d8   COMPRESSED   0x00000020   Data   RW         3071    .data               sgp30_featureset.o
    0x600002f8   COMPRESSED   0x0000000c   Data   RW         3087    .data               voc.o
    0x60000304   COMPRESSED   0x00000002   Data   RW         3132    .data               scd4x_i2c_example_usage.o
    0x60000306   COMPRESSED   0x00000001   Data   RW         3168    .data               bacnet_ARM_revXX_T10.lib(ai.o)
    0x60000307   COMPRESSED   0x00000001   Data   RW         3436    .data               bacnet_ARM_revXX_T10.lib(av.o)
    0x60000308   COMPRESSED   0x00000001   Data   RW         3586    .data               bacnet_ARM_revXX_T10.lib(bv.o)
    0x60000309   COMPRESSED   0x00000003   PAD
    0x6000030c   COMPRESSED   0x00000290   Data   RW         3963    .data               bacnet_ARM_revXX_T10.lib(device.o)
    0x6000059c   COMPRESSED   0x00000030   Data   RW         3990    .data               bacnet_ARM_revXX_T10.lib(dlmstp.o)
    0x600005cc   COMPRESSED   0x00000001   Data   RW         4098    .data               bacnet_ARM_revXX_T10.lib(h_whois.o)
    0x600005cd   COMPRESSED   0x00000001   Data   RW         4101    .data               bacnet_ARM_revXX_T10.lib(h_whois.o)
    0x600005ce   COMPRESSED   0x00000001   Data   RW         4235    .data               bacnet_ARM_revXX_T10.lib(calendar.o)
    0x600005cf   COMPRESSED   0x0000000b   Data   RW         4256    .data               bacnet_ARM_revXX_T10.lib(schedule.o)
    0x600005da   COMPRESSED   0x00000001   Data   RW         4367    .data               bacnet_ARM_revXX_T10.lib(msv.o)
    0x600005db   COMPRESSED   0x00000001   PAD
    0x600005dc   COMPRESSED   0x00000004   Data   RW         5413    .data               mc_w.l(mvars.o)
    0x600005e0   COMPRESSED   0x00000004   Data   RW         5418    .data               mc_w.l(errno.o)
    0x600005e4        -       0x00001000   Zero   RW          973    .bss                stmflash.o
    0x600015e4        -       0x0000f000   Zero   RW         1450    .bss                heap_2.o
    0x600105e4        -       0x000052e4   Zero   RW         1910    .bss                monitor.o
    0x600158c8        -       0x00002200   Zero   RW         1943    .bss                point.o
    0x60017ac8        -       0x00008870   Zero   RW         1976    .bss                ptransfer.o
    0x60020338        -       0x00000064   Zero   RW         1978    .bss                ptransfer.o
    0x6002039c        -       0x00000258   Zero   RW         1979    .bss                ptransfer.o
    0x600205f4        -       0x00010fa4   Zero   RW         2021    .bss                user_data.o
    0x60031598        -       0x00000190   Zero   RW         2022    .bss                user_data.o
    0x60031728        -       0x00000040   Zero   RW         2023    .bss                user_data.o
    0x60031768        -       0x00000028   Zero   RW         2024    .bss                user_data.o
    0x60031790        -       0x00000100   Zero   RW         2025    .bss                user_data.o
    0x60031890        -       0x0000005e   Zero   RW         2028    .bss                user_data.o
    0x600318ee        -       0x00005e9a   Zero   RW         2114    .bss                flash_user.o
    0x60037788        -       0x00000064   Zero   RW         2239    .bss                commsub.o
    0x600377ec        -       0x000004b0   Zero   RW         2241    .bss                commsub.o
    0x60037c9c        -       0x00001834   Zero   RW         2269    .bss                scan.o
    0x600394d0        -       0x00000040   Zero   RW         2380    .bss                modbus.o
    0x60039510        -       0x000002e8   Zero   RW         2449    .bss                main.o
    0x600397f8        -       0x000001a0   Zero   RW         2504    .bss                range.o
    0x60039998        -       0x00000048   Zero   RW         2521    .bss                tstat_wifi.o
    0x600399e0        -       0x0000001c   Zero   RW         2552    .bss                sntpc.o
    0x600399fc        -       0x00000014   Zero   RW         2575    .bss                user_arm.o
    0x60039a10        -       0x00009c78   Zero   RW         2590    .bss                wifi.o
    0x60043688        -       0x0000000e   Zero   RW         2724    .bss                menu.o
    0x60043696        -       0x00006aee   Zero   RW         2885    .bss                exfuns.o
    0x6004a184   COMPRESSED   0x00000004   PAD
    0x6004a188        -       0x00000038   Zero   RW         3015    .bss                sgp30.o
    0x6004a1c0        -       0x00001ee1   Zero   RW         3456    .bss                bacnet_ARM_revXX_T10.lib(address.o)
    0x6004c0a1   COMPRESSED   0x00000003   PAD
    0x6004c0a4        -       0x00000210   Zero   RW         4191    .bss                bacnet_ARM_revXX_T10.lib(rs485.o)
    0x6004c2b4        -       0x00000b40   Zero   RW         4417    .bss                IO_control_ARM_revx.lib(outputs.o)
    0x6004cdf4        -       0x0002936a   Zero   RW         4691    .bss                bacnet_ARM_revXX_T10.lib(tsm.o)
    0x6007615e   COMPRESSED   0x00000002   PAD
    0x60076160        -       0x00000200   Zero   RW          792    HEAP                startup_stm32f10x_hd.o


==============================================================================

Image component sizes


      Code (inc. data)   RO Data    RW Data    ZI Data      Debug   Object Name

       318          0          0          0          0       2762   24cxx.o
      2224        414          0          0          0      46491   alarm.o
      2984        288          0         22        256       7909   bac_control.o
      8968        928          0         42       2068      29660   bac_interface.o
       668         22          0         24          0       7228   bip.o
      4232        772          0          0       1026      15473   bsp_esp8266.o
      1456         64          0          8       1500       9542   commsub.o
         0          0         96          0          0       2496   constcode.o
         0          0          0          0          0         32   cortexm3_macro_rvds.o
      6388        360          0         16          0      23838   decode.o
       156          4          0          4          0       1263   delay.o
       162          0          0          0          0       3720   diskio.o
      6744        532      96520        108         27      28004   er-tft024-3_4-wire_spi.o
      1552        108          0         20      27374       9382   exfuns.o
      7498        104         44          8          0      26036   ff.o
      3772        466          0          0      24218      11548   flash_user.o
       244          8          0         24      61440       3104   heap_2.o
       492          4          0          0          0       2523   i2c_hal.o
         0          0         20          0          0        479   info.o
      1416        100          0          0        288       6150   io.o
       340         30          0         24          0       2455   key.o
       136          0          0          0          0       1762   list.o
      6916        526          0         88        744      17353   main.o
       340         28          0        108         14       4818   menu.o
      2068        136          0         68          0       5633   menudayset.o
      4428        364          0         10         37       7833   menuidle.o
       308         62        140          0          0       2237   menumain.o
       600         76          0          6          0       1973   menuset.o
       176         14          0          0          0     208749   misc.o
      1496         26          0          1          0       6384   mmc_sd.o
     19504       1026        512        140       4624      75458   modbus.o
      3396        124          0         20      21220       6615   monitor.o
       592          6          0          0          0       2928   myiic.o
      6628        320          0          1       8704      17194   point.o
       350         30          0          4          0       6918   port.o
      8868        708          0         20      35628      34378   ptransfer.o
      1514          4          0          0          0      14754   queue.o
       384         32         15          0        416       3103   range.o
       804         32         24          2         10      15869   rtc.o
      9936        488          0         76       6196      28275   scan.o
      1276         24          0          0          0       9065   scd4x_i2c.o
       208         18          0          2          0       1347   scd4x_i2c_example_usage.o
         0          0          0          0          0        392   sdioemmcdrive.o
       426          0          0          0          0       5329   sensirion_common.o
       500          0          0          0          0       4998   sensirion_i2c.o
       406          0          0          0          0       3216   sensirion_sw_i2c.o
       164          6          0          0          0       2145   sensirion_sw_i2c_implementation.o
      1188         42         16          0         56      13019   sgp30.o
         0          0        665        116          0       3955   sgp30_featureset.o
         0          0          6          4          0        246   sgp_git_version.o
      1352         76          0          2          0      11006   sht3x.o
       200         14          0          4          0       4345   sht4x.o
       144         14          0          1          0        906   sht4x_example_usage.o
       996         80         24         11         58       5728   sntpc.o
       952         42          0          0          0       6121   spi.o
       196         72        304          0        512        808   startup_stm32f10x_hd.o
       824         24          0          0          0      20436   stm32f10x_adc.o
       152          8          0          0          0       3448   stm32f10x_bkp.o
       456         10          0          0          0       4630   stm32f10x_dma.o
       232          8          0          0          0       2391   stm32f10x_exti.o
       612         36          0          0          0       5989   stm32f10x_gpio.o
       264        114          0          0          0     160889   stm32f10x_it.o
        60          6          0          0          0       1289   stm32f10x_iwdg.o
       172         12          0          0          0       1963   stm32f10x_pwr.o
       696         32          0         20          0       9000   stm32f10x_rcc.o
       272          6          0          0          0       3184   stm32f10x_rtc.o
       628         14          0          0          0       7006   stm32f10x_spi.o
      2800         84          0          0          0      23922   stm32f10x_tim.o
       808         22          0          0          0       8848   stm32f10x_usart.o
       686         32          0          4       4096       6116   stmflash.o
       344         34          0         20          0       1719   system_stm32f10x.o
      3460         84          0         60        500      29061   tasks.o
       340         26          0          8          0       6822   timerx.o
      6644        392          0         94        182      31683   tstat_wifi.o
       788         36          0          4          0       3862   usart.o
       628         68          0          0         20       3103   user_arm.o
      4806        498        105        108      70730      43195   user_data.o
       344         20          0         12         10       2308   voc.o
      3960        338          0         25      40056      13925   wifi.o

    ----------------------------------------------------------------------
    156054      10498      98564       1370     312020    1169744   Object Totals
         0          0         64          0          0          0   (incl. Generated)
        12          0          9         31         10          0   (incl. Padding)

    ----------------------------------------------------------------------

      Code (inc. data)   RO Data    RW Data    ZI Data      Debug   Library Member Name

      2204         66        562          0       3533      14947   inputs.o
       124          4          0          0       2880       1131   outputs.o
        88          6          0          0          0       1850   abort.o
      1448         20          0          0       7905      16653   address.o
       772         18         44          1          0     257673   ai.o
      1240         22         52          1          0      12551   ao.o
      1136         96          0         57        404       7892   apdu.o
      1170         22         32          1          0       6977   av.o
       156          0          0          0          0       1446   bacaddr.o
      2052        148          0         12          0      10010   bacapp.o
      3404         20          0          0          0      29548   bacdcode.o
       190          0          0          0          0       4604   bacerror.o
       312          4          0          0          0       3616   bacint.o
       278          0          0          0          0       3548   bacreal.o
      1388         18        256          0          0      13169   bacstr.o
       162          0          0          0          0       2268   bactimevalue.o
       752         20         44          1         64       6013   bi.o
      1294         28         64          1          0      48095   bo.o
       996         20         48          1          0       5289   bv.o
        32          0          0          0          0        958   bvlc.o
       628          8         32          1          0       4540   calendar.o
        78          0          0          0          0        796   crc.o
       128          0          0          0          0      44732   datalink.o
      1720          6         52          0          0      15186   datetime.o
      2376         92        128        656          0      12299   device.o
      2704         92          0         48        626      11994   dlmstp.o
       378          0          0          0          0       4387   fifo.o
       210          0          0          0          0       1917   h_iam.o
       148          0          0          0          0       1379   h_npdu.o
       736         14          0          0          0       2777   h_rp.o
       932         14          0          0        600       4368   h_rpm.o
       160          6          0          0          0       1520   h_ts.o
       162          0          0          0          0       2190   h_whohas.o
        72         10          0          4          0       1696   h_whois.o
       392         14          0          0        619       2417   h_wp.o
       308          4          0          0          0       1966   h_wpm.o
       302          0          0          0          0       2220   iam.o
       240          0          0          0          0       2391   ihave.o
        28          0          0          0          0        690   memcopy.o
       840         10         52          1          0       5677   msv.o
        84          4          0          0          0       4431   noserv.o
       688          4          0          0          0       3073   npdu.o
       450          0          0          0          0       2825   proplist.o
       448         10         20          1          0       4554   proprietary.o
       104         10          0          0          0       1857   reject.o
       584          0          0          0          0       3663   rp.o
      1138          0          0          0          0       8138   rpm.o
       164         14          0          2        528       3425   rs485.o
       234          0          0          0          0       2516   s_iam.o
       132          6          0          0          0       1890   s_ihave.o
       272         12          0          0          0       2420   s_rp.o
       356         12          0          0          0       2885   s_ts.o
       248         20          0          0          0       2124   s_upt.o
       264         12          0          0          0       2818   s_whois.o
       380         14          0          0          0       2867   s_wp.o
      1232         12         64         11          0       5336   schedule.o
       548          0          0          0          0       3705   timesync.o
       656         10          0          1     168810       5044   tsm.o
         0          0          0          0       1252        606   txbuf.o
       348          0          0          0          0       2275   whohas.o
       424         12          0          0          0       3146   whois.o
       452          0          0          0          0       2107   wp.o
       798          0          0          0          0       4266   wpm.o
       156          8          0          0          0        104   cos.o
       252         22         48          0          0        124   cos_i.o
        68         10          0          0          0        408   dunder.o
       644         90         88          0          0        204   exp.o
        40          0          0          0          0         68   fpclassify.o
       860         52         56          0          0        256   log.o
       170          0          0          0          0         96   poly.o
      2520        190        136          0          0        324   pow.o
         0          0          8          0          0          0   qnan.o
       904         76        200          0          0        140   rred.o
       160         10          0          0          0        108   sin.o
       236         12         40          0          0        128   sin_i.o
        76          0          0          0          0         84   sqrt.o
        28          0          0          0          0         80   strtod.o
        56          8          0          0          0         84   __0sscanf.o
        86          0          0          0          0          0   __dczerorl2.o
        28          0          0          0          0         68   _chval.o
       816          6          0          0          0        112   _scanf.o
       332          0          0          0          0         96   _scanf_int.o
        64          0          0          0          0         84   _sgetc.o
       158          0          0          0          0         92   _strtoul.o
         8          4        133          0          0         68   ctype_o.o
         0          0          0          0          0          0   entry.o
         0          0          0          0          0          0   entry10a.o
         0          0          0          0          0          0   entry11a.o
         4          0          0          0          0          0   entry12b.o
         8          4          0          0          0          0   entry2.o
         4          0          0          0          0          0   entry5.o
         0          0          0          0          0          0   entry7b.o
         0          0          0          0          0          0   entry8b.o
         8          4          0          0          0          0   entry9a.o
        20         10          0          4          0        136   errno.o
        30          0          0          0          0          0   handlers.o
        36          8          0          0          0         68   init.o
        18          0          0          0          0         76   isspace_o.o
         0          0          0          0          0          0   iusefp.o
        30          0          0          0          0         68   llshl.o
        36          0          0          0          0         68   llsshr.o
        32          0          0          0          0         68   llushr.o
       188         20          0          0          0        160   malloc.o
        20          0          0          0          0         68   memchr.o
        26          0          0          0          0         80   memcmp.o
        36          0          0          0          0         68   memcpya.o
        36          0          0          0          0        108   memseta.o
         0          0          0          8          0          0   mvars.o
      2268         96          0          0          0        616   printfa.o
        36         10          0          4          0        136   rand.o
        40          8          0          0          0         84   scanf_char.o
       878         12          0          0          0        216   scanf_fp.o
        20          0          0          0          0         68   strchr.o
        28          0          0          0          0         76   strcmp.o
        18          0          0          0          0         68   strcpy.o
        14          0          0          0          0         68   strlen.o
        36          0          0          0          0         80   strstr.o
       156         12          0          0          0        120   strtod.o
       112          0          0          0          0         88   strtol.o
       114          0          0          0          0         92   strtoul.o
        44          0          0          0          0         80   uidiv.o
        98          0          0          0          0         92   uldiv.o
        48          0          0          0          0         68   cdcmple.o
        48          0          0          0          0         68   cdrcmple.o
        20          0          0          0          0         68   cfcmple.o
        56          0          0          0          0         88   d2f.o
       334          0          0          0          0        148   dadd.o
       222          0          0          0          0        100   ddiv.o
       186          0          0          0          0        176   depilogue.o
        62          0          0          0          0         80   dfixi.o
        50          0          0          0          0         76   dfixui.o
        48          0          0          0          0         68   dfixul.o
        34          0          0          0          0         76   dflti.o
        26          0          0          0          0         76   dfltui.o
        24          0          0          0          0         76   dfltul.o
       228          0          0          0          0         96   dmul.o
        46          0          0          0          0         80   dscalb.o
       162          0          0          0          0        100   dsqrt.o
        38          0          0          0          0         68   f2d.o
       176          0          0          0          0        140   fadd.o
       124          0          0          0          0         88   fdiv.o
       110          0          0          0          0        168   fepilogue.o
        50          0          0          0          0         68   ffixi.o
        40          0          0          0          0         68   ffixui.o
        18          0          0          0          0         68   fflti.o
        10          0          0          0          0         68   ffltui.o
       100          0          0          0          0         76   fmul.o
        24          0          0          0          0         68   fscalb.o

    ----------------------------------------------------------------------
     56114       1606       2164        826     187228     657255   Library Totals
        30          0          5         10          7          0   (incl. Padding)

    ----------------------------------------------------------------------

      Code (inc. data)   RO Data    RW Data    ZI Data      Debug   Library Name

      2328         70        562          0       6413      16078   IO_control_ARM_revx.lib
     39416        864        888        800     180808     633273   bacnet_ARM_revXX_T10.lib
      6114        470        576          0          0       2124   m_ws.l
      5942        202        133         16          0       3456   mc_w.l
      2284          0          0          0          0       2324   mf_w.l

    ----------------------------------------------------------------------
     56114       1606       2164        826     187228     657255   Library Totals

    ----------------------------------------------------------------------

==============================================================================


      Code (inc. data)   RO Data    RW Data    ZI Data      Debug   

    212168      12104     100728       2196     499248    1804663   Grand Totals
    212168      12104     100728        768     499248    1804663   ELF Image Totals (compressed)
    212168      12104     100728        768          0          0   ROM Totals

==============================================================================

    Total RO  Size (Code + RO Data)               312896 ( 305.56kB)
    Total RW  Size (RW Data + ZI Data)            501444 ( 489.69kB)
    Total ROM Size (Code + RO Data + RW Data)     313664 ( 306.31kB)

==============================================================================

