Component: ARM Compiler 5.06 update 7 (build 960) Tool: armlink [4d3601]

==============================================================================

Section Cross References

    stm32f10x_it.o(.text) refers to printfa.o(i.__0printf) for __2printf
    stm32f10x_it.o(.text) refers to usart.o(.text) for uart1_init
    stm32f10x_it.o(.text) refers to user_arm.o(.text) for E2prom_Write_Byte
    stm32f10x_it.o(.text) refers to ptransfer.o(.bss) for Test
    system_stm32f10x.o(.text) refers to system_stm32f10x.o(.data) for .data
    stm32f10x_adc.o(.text) refers to stm32f10x_rcc.o(.text) for RCC_APB2PeriphResetCmd
    stm32f10x_dac.o(.text) refers to stm32f10x_rcc.o(.text) for RCC_APB1PeriphResetCmd
    stm32f10x_gpio.o(.text) refers to stm32f10x_rcc.o(.text) for RCC_APB2PeriphResetCmd
    stm32f10x_rcc.o(.text) refers to stm32f10x_rcc.o(.data) for .data
    stm32f10x_spi.o(.text) refers to stm32f10x_rcc.o(.text) for RCC_APB2PeriphResetCmd
    stm32f10x_tim.o(.text) refers to stm32f10x_rcc.o(.text) for RCC_APB1PeriphResetCmd
    stm32f10x_usart.o(.text) refers to stm32f10x_rcc.o(.text) for RCC_APB2PeriphResetCmd
    stm32f10x_wwdg.o(.text) refers to stm32f10x_rcc.o(.text) for RCC_APB1PeriphResetCmd
    stm32f10x_bkp.o(.text) refers to stm32f10x_rcc.o(.text) for RCC_BackupResetCmd
    stm32f10x_pwr.o(.text) refers to stm32f10x_rcc.o(.text) for RCC_APB1PeriphResetCmd
    startup_stm32f10x_hd.o(RESET) refers to startup_stm32f10x_hd.o(.text) for Reset_Handler
    startup_stm32f10x_hd.o(RESET) refers to stm32f10x_it.o(.text) for NMI_Handler
    startup_stm32f10x_hd.o(RESET) refers to port.o(.emb_text) for vPortSVCHandler
    startup_stm32f10x_hd.o(RESET) refers to port.o(.text) for xPortSysTickHandler
    startup_stm32f10x_hd.o(RESET) refers to timerx.o(.text) for TIM3_IRQHandler
    startup_stm32f10x_hd.o(RESET) refers to modbus.o(.text) for USART1_IRQHandler
    startup_stm32f10x_hd.o(RESET) refers to tstat_wifi.o(.text) for EXTI15_10_IRQHandler
    startup_stm32f10x_hd.o(RESET) refers to wifi.o(.text) for UART4_IRQHandler
    startup_stm32f10x_hd.o(.text) refers to system_stm32f10x.o(.text) for SystemInit
    startup_stm32f10x_hd.o(.text) refers to entry.o(.ARM.Collect$$$$00000000) for __main
    myiic.o(.text) refers to stm32f10x_gpio.o(.text) for GPIO_SetBits
    myiic.o(.text) refers to stm32f10x_rcc.o(.text) for RCC_APB2PeriphClockCmd
    myiic.o(.text) refers to delay.o(.text) for delay_us
    24cxx.o(.text) refers to myiic.o(.text) for IIC_Init
    24cxx.o(.text) refers to delay.o(.text) for delay_ms
    spi.o(.text) refers to stm32f10x_spi.o(.text) for SPI_Cmd
    spi.o(.text) refers to stm32f10x_rcc.o(.text) for RCC_APB2PeriphClockCmd
    spi.o(.text) refers to stm32f10x_gpio.o(.text) for GPIO_Init
    spi.o(.text) refers to modbus.o(.bss) for Modbus
    flash.o(.text) refers to spi.o(.text) for SPI1_ReadWriteByte
    flash.o(.text) refers to stm32f10x_rcc.o(.text) for RCC_APB2PeriphClockCmd
    flash.o(.text) refers to stm32f10x_gpio.o(.text) for GPIO_Init
    flash.o(.text) refers to delay.o(.text) for delay_us
    flash.o(.text) refers to flash.o(.data) for .data
    flash.o(.text) refers to flash.o(.bss) for .bss
    stmflash.o(.text) refers to delay.o(.text) for delay_us
    stmflash.o(.text) refers to stmflash.o(.emb_text) for MSR_MSP
    stmflash.o(.text) refers to stmflash.o(.bss) for .bss
    stmflash.o(.text) refers to stmflash.o(.data) for .data
    dma.o(.text) refers to delay.o(.text) for delay_ms
    dma.o(.text) refers to dma.o(.data) for .data
    timerx.o(.text) refers to stm32f10x_tim.o(.text) for TIM_GetFlagStatus
    timerx.o(.text) refers to stm32f10x_rcc.o(.text) for RCC_APB1PeriphClockCmd
    timerx.o(.text) refers to misc.o(.text) for NVIC_Init
    timerx.o(.text) refers to timerx.o(.data) for .data
    timerx.o(.text) refers to decode.o(.data) for miliseclast
    timerx.o(.text) refers to modbus.o(.data) for run_time
    timerx.o(.text) refers to rs485.o(.data) for SilenceTime
    enc28j60.o(.text) refers to stm32f10x_rcc.o(.text) for RCC_APB2PeriphClockCmd
    enc28j60.o(.text) refers to stm32f10x_gpio.o(.text) for GPIO_Init
    enc28j60.o(.text) refers to delay.o(.text) for delay_ms
    enc28j60.o(.text) refers to spi.o(.text) for SPI2_ReadWriteByte
    enc28j60.o(.text) refers to enc28j60.o(.data) for .data
    enc28j60.o(.text) refers to modbus.o(.text) for QuickSoftReset
    rtc.o(.text) refers to stm32f10x_rtc.o(.text) for RTC_GetCounter
    rtc.o(.text) refers to stm32f10x_rcc.o(.text) for RCC_APB1PeriphClockCmd
    rtc.o(.text) refers to stm32f10x_pwr.o(.text) for PWR_BackupAccessCmd
    rtc.o(.text) refers to stm32f10x_bkp.o(.text) for BKP_ReadBackupRegister
    rtc.o(.text) refers to delay.o(.text) for delay_ms
    rtc.o(.text) refers to rtc.o(.constdata) for .constdata
    rtc.o(.text) refers to rtc.o(.data) for .data
    rtc.o(.text) refers to user_data.o(.data) for Local_Date
    rtc.o(.text) refers to user_data.o(.data) for Local_Time
[...]
    shutdown_Time                            0x6000018e   Data           1  main.o(.data)
    count_update_mstp_db                     0x60000190   Data           4  main.o(.data)
    shutdown_send_time                       0x60000194   Data           4  main.o(.data)
    flag_ready_to_scan                       0x60000198   Data           1  tstat_wifi.o(.data)
    hum_sensor_type                          0x6000019b   Data           1  tstat_wifi.o(.data)
    PirSensorZero                            0x6000019c   Data           1  tstat_wifi.o(.data)
    Pir_Sensetivity                          0x6000019d   Data           1  tstat_wifi.o(.data)
    override_timer                           0x6000019e   Data           1  tstat_wifi.o(.data)
    item_to_adjust                           0x6000019f   Data           1  tstat_wifi.o(.data)
    HumSensor_dew_pt                         0x600001a0   Data           2  tstat_wifi.o(.data)
    HumSensor_dew_pt_F                       0x600001a2   Data           2  tstat_wifi.o(.data)
    HumSensor_Pws                            0x600001a4   Data           2  tstat_wifi.o(.data)
    HumSensor_Mix_Ratio                      0x600001a6   Data           2  tstat_wifi.o(.data)
    HumSensor_Enthalpy                       0x600001a8   Data           2  tstat_wifi.o(.data)
    override_timer_time                      0x600001aa   Data           2  tstat_wifi.o(.data)
    voltage_occ                              0x600001ac   Data           2  tstat_wifi.o(.data)
    tem_org                                  0x600001b0   Data           4  tstat_wifi.o(.data)
    hum_org                                  0x600001b4   Data           4  tstat_wifi.o(.data)
    relay_value                              0x600001b8   Data           4  tstat_wifi.o(.data)
    xHandler_Input                           0x600001bc   Data           4  tstat_wifi.o(.data)
    xHandler_Output                          0x600001c0   Data           4  tstat_wifi.o(.data)
    new_vcc_adc                              0x600001c4   Data           6  tstat_wifi.o(.data)
    voice_table                              0x600001ca   Data          40  tstat_wifi.o(.data)
    co2_frc                                  0x600001f2   Data           2  tstat_wifi.o(.data)
    flag_send_ntp_by_wifi                    0x600001f4   Data           1  sntpc.o(.data)
    flag_left_key                            0x600001f6   Data           1  menuidle.o(.data)
    count_left_key                           0x600001f7   Data           1  menuidle.o(.data)
    flag_digital_top_area                    0x600001f8   Data           1  menuidle.o(.data)
    digital_top_area_type                    0x600001f9   Data           1  menuidle.o(.data)
    digital_top_area_num                     0x600001fa   Data           1  menuidle.o(.data)
    digital_top_area_changed                 0x600001fb   Data           1  menuidle.o(.data)
    current_schedule                         0x60000202   Data           1  menuset.o(.data)
    blink_count                              0x60000203   Data           1  menuset.o(.data)
    flag_blink                               0x60000204   Data           1  menuset.o(.data)
    set_value                                0x60000206   Data           2  menuset.o(.data)
    voc_ok                                   0x60000269   Data           1  voc.o(.data)
    voc_ini_baseline                         0x6000026a   Data           1  voc.o(.data)
    voc_value                                0x6000026c   Data           2  voc.o(.data)
    iaq_baseline                             0x60000270   Data           4  voc.o(.data)
    AIS                                      0x60000274   Data           1  ai.o(.data)
    AVS                                      0x60000275   Data           1  av.o(.data)
    BVS                                      0x60000276   Data           1  bv.o(.data)
    Object_Instance_Number                   0x6000027c   Data           4  device.o(.data)
    MSTP_Flag                                0x6000050e   Data           1  dlmstp.o(.data)
    This_Station                             0x60000513   Data           1  dlmstp.o(.data)
    TransmitPacket_panel                     0x60000517   Data           1  dlmstp.o(.data)
    DataLength                               0x6000051c   Data           2  dlmstp.o(.data)
    TransmitPacketLen                        0x60000520   Data           2  dlmstp.o(.data)
    modbus_frame                             0x60000530   Data           8  dlmstp.o(.data)
    Send_I_Am_Flag                           0x60000538   Data           1  h_whois.o(.data)
    Send_Private_Flag                        0x60000539   Data           1  h_whois.o(.data)
    SilenceTime                              0x6000053a   Data           2  rs485.o(.data)
    CALENDARS                                0x6000053c   Data           1  calendar.o(.data)
    SCHEDULES                                0x6000053d   Data           1  schedule.o(.data)
    Start_Date                               0x6000053e   Data           5  schedule.o(.data)
    End_Date                                 0x60000543   Data           5  schedule.o(.data)
    MSVS                                     0x60000548   Data           1  msv.o(.data)
    __microlib_freelist                      0x6000054c   Data           4  mvars.o(.data)
    iapbuf                                   0x60000554   Data        2048  stmflash.o(.bss)
    STMFLASH_BUF                             0x60000d54   Data        2048  stmflash.o(.bss)
    SD_block_num                             0x6001056c   Data          96  monitor.o(.bss)
    read_mon_point_buf                       0x600105cc   Data         400  monitor.o(.bss)
    write_mon_point_buf                      0x6001075c   Data        9600  monitor.o(.bss)
    mon_block                                0x60012cdc   Data       11040  monitor.o(.bss)
    last_digital_index                       0x600157fc   Data          12  monitor.o(.bss)
    last_digital_sample_time                 0x60015808   Data          48  monitor.o(.bss)
    points_header                            0x60017038   Data        2560  point.o(.bss)
    temp                                     0x60017a38   Data         600  ptransfer.o(.bss)
    Rtc2                                     0x60017c90   Data          10  ptransfer.o(.bss)
    prg_code                                 0x60017c9a   Data       32000  ptransfer.o(.bss)
    MSTP_Send_buffer                         0x6001f99a   Data         600  ptransfer.o(.bss)
    MSTP_Rec_Header                          0x6001fbf2   Data          12  ptransfer.o(.bss)
    bacnet_to_modbus                         0x6001fbfe   Data         300  ptransfer.o(.bss)
    bacnet_to_modbus_struct                  0x6001fd2a   Data         808  ptransfer.o(.bss)
    Temp_CS                                  0x60020052   Data         598  ptransfer.o(.bss)
    Test                                     0x600202a8   Data         100  ptransfer.o(.bss)
    MSTP_Rec_buffer                          0x6002030c   Data         600  ptransfer.o(.bss)
    update_dyndns_time                       0x60020564   Data          10  user_data.o(.bss)
    input_raw                                0x6002056e   Data         128  user_data.o(.bss)
    input_raw_back                           0x600205ee   Data         128  user_data.o(.bss)
    output_raw                               0x6002066e   Data         128  user_data.o(.bss)
    output_raw_back                          0x600206ee   Data         128  user_data.o(.bss)
    chip_info                                0x6002076e   Data          12  user_data.o(.bss)
    extio_points                             0x6002077a   Data         360  user_data.o(.bss)
    month_length                             0x600208e2   Data          12  user_data.o(.bss)
    info                                     0x600208ee   Data         144  user_data.o(.bss)
    var_unit                                 0x6002097e   Data         100  user_data.o(.bss)
    Write_Special                            0x600209e2   Data         100  user_data.o(.bss)
    MISC_Info                                0x60020a46   Data         400  user_data.o(.bss)
    Remote_tst_db                            0x60020bd6   Data         385  user_data.o(.bss)
    Panel_Info                               0x60020d57   Data          23  user_data.o(.bss)
    Setting_Info                             0x60020d6e   Data         400  user_data.o(.bss)
    Garphi_data_buf                          0x60020efe   Data         476  user_data.o(.bss)
    alarms                                   0x600210da   Data        1632  user_data.o(.bss)
    alarms_set                               0x6002173a   Data         480  user_data.o(.bss)
    digi_units                               0x6002191a   Data         200  user_data.o(.bss)
    passwords                                0x600219e2   Data         384  user_data.o(.bss)
    programs                                 0x60021b62   Data         592  user_data.o(.bss)
    vars                                     0x60021db2   Data        4992  user_data.o(.bss)
    controllers                              0x60023132   Data         448  user_data.o(.bss)
    totalizers                               0x600232f2   Data          90  user_data.o(.bss)
    monitors                                 0x6002334c   Data        1248  user_data.o(.bss)
    backup_monitors                          0x6002382c   Data        1248  user_data.o(.bss)
    msv_data                                 0x60023d0c   Data         736  user_data.o(.bss)
    control_groups                           0x60023fec   Data         736  user_data.o(.bss)
    group_data_new                           0x600242cc   Data       16800  user_data.o(.bss)
    weekly_routines                          0x6002846c   Data         336  user_data.o(.bss)
    wr_times                                 0x600285bc   Data        1152  user_data.o(.bss)
    wr_time_on_off                           0x60028a3c   Data         576  user_data.o(.bss)
    annual_routines                          0x60028c7c   Data         132  user_data.o(.bss)
    ar_dates                                 0x60028d00   Data         184  user_data.o(.bss)
    ID_Config                                0x60028db8   Data        9906  user_data.o(.bss)
    ID_Config_Sche                           0x6002b46a   Data         254  user_data.o(.bss)
    output_priority                          0x6002b568   Data        4096  user_data.o(.bss)
    output_relinquish                        0x6002c568   Data         256  user_data.o(.bss)
    arrays                                   0x6002c668   Data         176  user_data.o(.bss)
    arrays_data                              0x6002c718   Data        8192  user_data.o(.bss)
    panelname                                0x6002e718   Data          20  user_data.o(.bss)
    network_points_list                      0x6002e72c   Data        3456  user_data.o(.bss)
    remote_points_list                       0x6002f4ac   Data        3584  user_data.o(.bss)
    local_points_list                        0x600302ac   Data         400  user_data.o(.bss)
    remote_panel_db                          0x6003043c   Data        4300  user_data.o(.bss)
    Email_Setting                            0x60031508   Data         400  user_data.o(.bss)
    arrays_address                           0x60031698   Data          64  user_data.o(.bss)
    Last_Contact_Local_points                0x600316d8   Data          40  user_data.o(.bss)
    Last_Contact_Network_points              0x60031700   Data         256  user_data.o(.bss)
    Last_Contact_Remote_points               0x60031800   Data         256  user_data.o(.bss)
    message                                  0x60031900   Data          94  user_data.o(.bss)
    write_page_en                            0x6003195e   Data          26  flash_user.o(.bss)
    Flash_Position                           0x60037798   Data          96  flash_user.o(.bss)
    uart1_sub_addr                           0x600377f8   Data         100  commsub.o(.bss)
    sub_map                                  0x6003785c   Data        1200  commsub.o(.bss)
    tmp_sendbuf                              0x60037d0c   Data         500  scan.o(.bss)
    node_write                               0x60037f00   Data        2160  scan.o(.bss)
    com_rx                                   0x60038770   Data          12  scan.o(.bss)
    com_tx                                   0x6003877c   Data          12  scan.o(.bss)
    tstat_name                               0x60038788   Data        1600  scan.o(.bss)
    flag_tstat_name                          0x60038dc8   Data         100  scan.o(.bss)
    count_read_tstat_name                    0x60038e2c   Data         200  scan.o(.bss)
    flag_rmp_ad                              0x60038ef4   Data         128  scan.o(.bss)
    count_read_rmp_ad                        0x60038f74   Data         128  scan.o(.bss)
    scan_db                                  0x60038ff4   Data         700  scan.o(.bss)
    scan_db_time_to_live                     0x600392b0   Data         200  scan.o(.bss)
    db_online                                0x60039378   Data          32  scan.o(.bss)
    db_occupy                                0x60039398   Data          32  scan.o(.bss)
    current_online                           0x600393b8   Data          32  scan.o(.bss)
    tst_retry                                0x600393d8   Data         100  scan.o(.bss)
    id_conflict                              0x6003943c   Data         260  scan.o(.bss)
    high_spd_counter_tempbuf                 0x60039540   Data          64  modbus.o(.bss)
    task_test                                0x60039590   Data          90  main.o(.bss)
    default_pwm                              0x600395ea   Data          20  main.o(.bss)
    PDUBuffer                                0x600395fe   Data         600  main.o(.bss)
    net_health                               0x60039858   Data          16  main.o(.bss)
    old_reading                              0x60039868   Data         128  range.o(.bss)
    intput_raw_sum                           0x600398e8   Data         128  range.o(.bss)
    input_raw_max                            0x60039968   Data          64  range.o(.bss)
    input_raw_min                            0x600399a8   Data          64  range.o(.bss)
    input_count                              0x600399e8   Data          32  range.o(.bss)
    FAN_MODE                                 0x60039a08   Data          72  tstat_wifi.o(.bss)
    flag_count_in                            0x60039a50   Data          16  tstat_wifi.o(.bss)
    t                                        0x60039a60   Data          28  sntpc.o(.bss)
    time                                     0x60039a7c   Data          20  user_arm.o(.bss)
    cStr                                     0x60039a90   Data        1024  wifi.o(.bss)
    SSID_Info                                0x60039e90   Data         124  wifi.o(.bss)
    mstp_bac_buf                             0x60039f0c   Data       30100  wifi.o(.bss)
    mstp_bac_buf1                            0x600414a0   Data        6020  wifi.o(.bss)
    Scan_Infor                               0x60042c24   Data          64  wifi.o(.bss)
    bacnet_wifi_buf                          0x60042c64   Data         600  wifi.o(.bss)
    modbus_wifi_buf                          0x60042ebc   Data         500  wifi.o(.bss)
    packet                                   0x600430b0   Data        1024  wifi.o(.bss)
    SendBuff                                 0x600434b0   Data         600  wifi.o(.bss)
    fs                                       0x60043708   Data         558  exfuns.o(.bss)
    file                                     0x60043936   Data       26304  exfuns.o(.bss)
    rw_sd_buf                                0x60049ff6   Data         512  exfuns.o(.bss)
    voc_buf                                  0x6004a230   Data          10  voc.o(.bss)
    Address_Cache                            0x6004a23a   Data        7905  address.o(.bss)
    Receive_Buffer_Data0                     0x6004c11c   Data         512  rs485.o(.bss)
    Receive_Buffer0                          0x6004c31c   Data          16  rs485.o(.bss)
    outputs                                  0x6004c32c   Data        2880  outputs.o(.bss)
    __heap_base                              0x600761d8   Data           0  startup_stm32f10x_hd.o(HEAP)
    __heap_limit                             0x600763d8   Data           0  startup_stm32f10x_hd.o(HEAP)



==============================================================================

Memory Map of the image

  Image Entry point : 0x08008131

  Load Region LR_IROM1 (Base: 0x08008000, Size: 0x0004d5c0, Max: 0x00060000, ABSOLUTE, COMPRESSED[0x0004d00c])

    Execution Region ER_IROM1 (Exec base: 0x08008000, Load base: 0x08008000, Size: 0x0004cd28, Max: 0x00060000, ABSOLUTE)

    Exec Addr    Load Addr    Size         Type   Attr      Idx    E Section Name        Object

    0x08008000   0x08008000   0x00000130   Data   RO          793    RESET               startup_stm32f10x_hd.o
    0x08008130   0x08008130   0x00000000   Code   RO         4972  * .ARM.Collect$$$$00000000  mc_w.l(entry.o)
    0x08008130   0x08008130   0x00000004   Code   RO         5364    .ARM.Collect$$$$00000001  mc_w.l(entry2.o)
    0x08008134   0x08008134   0x00000004   Code   RO         5367    .ARM.Collect$$$$00000004  mc_w.l(entry5.o)
    0x08008138   0x08008138   0x00000000   Code   RO         5369    .ARM.Collect$$$$00000008  mc_w.l(entry7b.o)
    0x08008138   0x08008138   0x00000000   Code   RO         5371    .ARM.Collect$$$$0000000A  mc_w.l(entry8b.o)
    0x08008138   0x08008138   0x00000008   Code   RO         5372    .ARM.Collect$$$$0000000B  mc_w.l(entry9a.o)
    0x08008140   0x08008140   0x00000004   Code   RO         5379    .ARM.Collect$$$$0000000E  mc_w.l(entry12b.o)
    0x08008144   0x08008144   0x00000000   Code   RO         5374    .ARM.Collect$$$$0000000F  mc_w.l(entry10a.o)
    0x08008144   0x08008144   0x00000000   Code   RO         5376    .ARM.Collect$$$$00000011  mc_w.l(entry11a.o)
    0x08008144   0x08008144   0x00000004   Code   RO         5365    .ARM.Collect$$$$00002712  mc_w.l(entry2.o)
    0x08008148   0x08008148   0x00000006   Code   RO          971    .emb_text           stmflash.o
    0x0800814e   0x0800814e   0x00000002   PAD
    0x08008150   0x08008150   0x00000096   Code   RO         1418    .emb_text           port.o
    0x080081e6   0x080081e6   0x00000014   Code   RO         4984    .text               mc_w.l(strchr.o)
    0x080081fa   0x080081fa   0x00000000   Code   RO         5437    .text               mc_w.l(iusefp.o)
    0x080081fa   0x080081fa   0x00000006   Code   RO         5335    i.__mathlib_dbl_infnan  m_ws.l(dunder.o)
    0x08008200   0x08008200   0x00000014   Data   RO         2373    .ARM.__AT_0x08008200  info.o
    0x08008214   0x08008214   0x00000108   Code   RO            1    .text               stm32f10x_it.o
    0x0800831c   0x0800831c   0x00000158   Code   RO          508    .text               system_stm32f10x.o
    0x08008474   0x08008474   0x000000b0   Code   RO          526    .text               misc.o
    0x08008524   0x08008524   0x00000338   Code   RO          558    .text               stm32f10x_adc.o
    0x0800885c   0x0800885c   0x000001c8   Code   RO          601    .text               stm32f10x_dma.o
    0x08008a24   0x08008a24   0x000000e8   Code   RO          613    .text               stm32f10x_exti.o
    0x08008b0c   0x08008b0c   0x00000264   Code   RO          638    .text               stm32f10x_gpio.o
    0x08008d70   0x08008d70   0x0000003c   Code   RO          650    .text               stm32f10x_iwdg.o
    0x08008dac   0x08008dac   0x000002b8   Code   RO          662    .text               stm32f10x_rcc.o
    0x08009064   0x08009064   0x00000110   Code   RO          676    .text               stm32f10x_rtc.o
    0x08009174   0x08009174   0x00000274   Code   RO          701    .text               stm32f10x_spi.o
    0x080093e8   0x080093e8   0x00000af0   Code   RO          713    .text               stm32f10x_tim.o
    0x08009ed8   0x08009ed8   0x00000328   Code   RO          726    .text               stm32f10x_usart.o
    0x0800a200   0x0800a200   0x00000098   Code   RO          753    .text               stm32f10x_bkp.o
    0x0800a298   0x0800a298   0x000000ac   Code   RO          765    .text               stm32f10x_pwr.o
    0x0800a344   0x0800a344   0x000000c4   Code   RO          794    .text               startup_stm32f10x_hd.o
    0x0800a408   0x0800a408   0x00000250   Code   RO          798    .text               myiic.o
    0x0800a658   0x0800a658   0x0000013e   Code   RO          814    .text               24cxx.o
    0x0800a796   0x0800a796   0x00000002   PAD
    0x0800a798   0x0800a798   0x000003b8   Code   RO          826    .text               spi.o
    0x0800ab50   0x0800ab50   0x000002a8   Code   RO          972    .text               stmflash.o
    0x0800adf8   0x0800adf8   0x00000154   Code   RO         1007    .text               timerx.o
    0x0800af4c   0x0800af4c   0x00000324   Code   RO         1086    .text               rtc.o
    0x0800b270   0x0800b270   0x000005d8   Code   RO         1117    .text               mmc_sd.o
    0x0800b848   0x0800b848   0x000001ec   Code   RO         1242    .text               i2c_hal.o
    0x0800ba34   0x0800ba34   0x00000548   Code   RO         1261    .text               sht3x.o
    0x0800bf7c   0x0800bf7c   0x000000c8   Code   RO         1293    .text               sht4x.o
    0x0800c044   0x0800c044   0x00000090   Code   RO         1323    .text               sht4x_example_usage.o
    0x0800c0d4   0x0800c0d4   0x00000db4   Code   RO         1341    .text               tasks.o
    0x0800ce88   0x0800ce88   0x00000088   Code   RO         1385    .text               list.o
    0x0800cf10   0x0800cf10   0x000005ea   Code   RO         1400    .text               queue.o
    0x0800d4fa   0x0800d4fa   0x00000002   PAD
    0x0800d4fc   0x0800d4fc   0x000000c8   Code   RO         1419    .text               port.o
    0x0800d5c4   0x0800d5c4   0x000000fc   Code   RO         1449    .text               heap_2.o
    0x0800d6c0   0x0800d6c0   0x00000314   Code   RO         1467    .text               usart.o
    0x0800d9d4   0x0800d9d4   0x0000009c   Code   RO         1526    .text               delay.o
    0x0800da70   0x0800da70   0x00002308   Code   RO         1540    .text               bac_interface.o
    0x0800fd78   0x0800fd78   0x0000029c   Code   RO         1576    .text               bip.o
    0x08010014   0x08010014   0x00000910   Code   RO         1655    .text               alarm.o
    0x08010924   0x08010924   0x00000bdc   Code   RO         1825    .text               bac_control.o
    0x08011500   0x08011500   0x000019bc   Code   RO         1873    .text               decode.o
    0x08012ebc   0x08012ebc   0x00000d44   Code   RO         1914    .text               monitor.o
    0x08013c00   0x08013c00   0x000019e4   Code   RO         1947    .text               point.o
    0x080155e4   0x080155e4   0x000022cc   Code   RO         1980    .text               ptransfer.o
    0x080178b0   0x080178b0   0x000012c6   Code   RO         2025    .text               user_data.o
    0x08018b76   0x08018b76   0x00000002   PAD
    0x08018b78   0x08018b78   0x00000588   Code   RO         2105    .text               io.o
    0x08019100   0x08019100   0x00000ebc   Code   RO         2118    .text               flash_user.o
    0x08019fbc   0x08019fbc   0x00001ac8   Code   RO         2141    .text               er-tft024-3_4-wire_spi.o
    0x0801ba84   0x0801ba84   0x0000016c   Code   RO         2211    .text               key.o
    0x0801bbf0   0x0801bbf0   0x000005b0   Code   RO         2242    .text               commsub.o
    0x0801c1a0   0x0801c1a0   0x000026d0   Code   RO         2273    .text               scan.o
    0x0801e870   0x0801e870   0x00004ce4   Code   RO         2382    .text               modbus.o
    0x08023554   0x08023554   0x00001b08   Code   RO         2453    .text               main.o
    0x0802505c   0x0802505c   0x00000180   Code   RO         2508    .text               range.o
    0x080251dc   0x080251dc   0x000019f8   Code   RO         2525    .text               tstat_wifi.o
    0x08026bd4   0x08026bd4   0x000003e4   Code   RO         2556    .text               sntpc.o
    0x08026fb8   0x08026fb8   0x00000274   Code   RO         2579    .text               user_arm.o
    0x0802722c   0x0802722c   0x00000f78   Code   RO         2594    .text               wifi.o
    0x080281a4   0x080281a4   0x00001088   Code   RO         2625    .text               bsp_esp8266.o
    0x0802922c   0x0802922c   0x00000154   Code   RO         2726    .text               menu.o
    0x08029380   0x08029380   0x000014d4   Code   RO         2777    .text               menuidle.o
    0x0802a854   0x0802a854   0x00000258   Code   RO         2798    .text               menuset.o
    0x0802aaac   0x0802aaac   0x00000150   Code   RO         2854    .text               menumain.o
    0x0802abfc   0x0802abfc   0x00000814   Code   RO         2870    .text               menudayset.o
    0x0802b410   0x0802b410   0x00000610   Code   RO         2886    .text               exfuns.o
    0x0802ba20   0x0802ba20   0x000000a2   Code   RO         2929    .text               diskio.o
    0x0802bac2   0x0802bac2   0x00000002   PAD
    0x0802bac4   0x0802bac4   0x00001d4a   Code   RO         2948    .text               ff.o
    0x0802d80e   0x0802d80e   0x000001aa   Code   RO         2964    .text               sensirion_common.o
    0x0802d9b8   0x0802d9b8   0x00000196   Code   RO         2977    .text               sensirion_sw_i2c.o
    0x0802db4e   0x0802db4e   0x00000002   PAD
    0x0802db50   0x0802db50   0x000000a4   Code   RO         2993    .text               sensirion_sw_i2c_implementation.o
    0x0802dbf4   0x0802dbf4   0x000004a4   Code   RO         3019    .text               sgp30.o
    0x0802e098   0x0802e098   0x00000158   Code   RO         3090    .text               voc.o
    0x0802e1f0   0x0802e1f0   0x000004fc   Code   RO         3111    .text               scd4x_i2c.o
    0x0802e6ec   0x0802e6ec   0x000000d0   Code   RO         3136    .text               scd4x_i2c_example_usage.o
    0x0802e7bc   0x0802e7bc   0x000001f4   Code   RO         3158    .text               sensirion_i2c.o
    0x0802e9b0   0x0802e9b0   0x00000304   Code   RO         3171    .text               bacnet_ARM_revXX_T10.lib(ai.o)
    0x0802ecb4   0x0802ecb4   0x000004d8   Code   RO         3369    .text               bacnet_ARM_revXX_T10.lib(ao.o)
    0x0802f18c   0x0802f18c   0x00000492   Code   RO         3439    .text               bacnet_ARM_revXX_T10.lib(av.o)
    0x0802f61e   0x0802f61e   0x00000002   PAD
    0x0802f620   0x0802f620   0x000005a8   Code   RO         3460    .text               bacnet_ARM_revXX_T10.lib(address.o)
    0x0802fbc8   0x0802fbc8   0x00000470   Code   RO         3538    .text               bacnet_ARM_revXX_T10.lib(apdu.o)
    0x08030038   0x08030038   0x000002f0   Code   RO         3567    .text               bacnet_ARM_revXX_T10.lib(bi.o)
    0x08030328   0x08030328   0x000003e4   Code   RO         3589    .text               bacnet_ARM_revXX_T10.lib(bv.o)
    0x0803070c   0x0803070c   0x0000050e   Code   RO         3606    .text               bacnet_ARM_revXX_T10.lib(bo.o)
    0x08030c1a   0x08030c1a   0x00000002   PAD
    0x08030c1c   0x08030c1c   0x00000804   Code   RO         3747    .text               bacnet_ARM_revXX_T10.lib(bacapp.o)
    0x08031420   0x08031420   0x00000d4c   Code   RO         3774    .text               bacnet_ARM_revXX_T10.lib(bacdcode.o)
    0x0803216c   0x0803216c   0x00000138   Code   RO         3830    .text               bacnet_ARM_revXX_T10.lib(bacint.o)
    0x080322a4   0x080322a4   0x00000116   Code   RO         3842    .text               bacnet_ARM_revXX_T10.lib(bacreal.o)
    0x080323ba   0x080323ba   0x00000020   Code   RO         3855    .text               bacnet_ARM_revXX_T10.lib(bvlc.o)
    0x080323da   0x080323da   0x0000004e   Code   RO         3867    .text               bacnet_ARM_revXX_T10.lib(crc.o)
    0x08032428   0x08032428   0x00000080   Code   RO         3882    .text               bacnet_ARM_revXX_T10.lib(datalink.o)
    0x080324a8   0x080324a8   0x00000948   Code   RO         3965    .text               bacnet_ARM_revXX_T10.lib(device.o)
    0x08032df0   0x08032df0   0x00000a90   Code   RO         3993    .text               bacnet_ARM_revXX_T10.lib(dlmstp.o)
    0x08033880   0x08033880   0x0000017a   Code   RO         4032    .text               bacnet_ARM_revXX_T10.lib(fifo.o)
    0x080339fa   0x080339fa   0x000000d2   Code   RO         4048    .text               bacnet_ARM_revXX_T10.lib(h_iam.o)
    0x08033acc   0x08033acc   0x00000094   Code   RO         4060    .text               bacnet_ARM_revXX_T10.lib(h_npdu.o)
    0x08033b60   0x08033b60   0x000002e0   Code   RO         4072    .text               bacnet_ARM_revXX_T10.lib(h_rp.o)
    0x08033e40   0x08033e40   0x00000048   Code   RO         4102    .text               bacnet_ARM_revXX_T10.lib(h_whois.o)
    0x08033e88   0x08033e88   0x00000188   Code   RO         4126    .text               bacnet_ARM_revXX_T10.lib(h_wp.o)
    0x08034010   0x08034010   0x00000054   Code   RO         4141    .text               bacnet_ARM_revXX_T10.lib(noserv.o)
    0x08034064   0x08034064   0x000000a4   Code   RO         4195    .text               bacnet_ARM_revXX_T10.lib(rs485.o)
    0x08034108   0x08034108   0x000000f8   Code   RO         4225    .text               bacnet_ARM_revXX_T10.lib(s_upt.o)
    0x08034200   0x08034200   0x00000274   Code   RO         4238    .text               bacnet_ARM_revXX_T10.lib(calendar.o)
    0x08034474   0x08034474   0x000004d0   Code   RO         4259    .text               bacnet_ARM_revXX_T10.lib(schedule.o)
    0x08034944   0x08034944   0x00000110   Code   RO         4280    .text               bacnet_ARM_revXX_T10.lib(s_rp.o)
    0x08034a54   0x08034a54   0x0000017c   Code   RO         4301    .text               bacnet_ARM_revXX_T10.lib(s_wp.o)
    0x08034bd0   0x08034bd0   0x000003a4   Code   RO         4313    .text               bacnet_ARM_revXX_T10.lib(h_rpm.o)
    0x08034f74   0x08034f74   0x00000134   Code   RO         4338    .text               bacnet_ARM_revXX_T10.lib(h_wpm.o)
    0x080350a8   0x080350a8   0x000001c0   Code   RO         4353    .text               bacnet_ARM_revXX_T10.lib(proprietary.o)
    0x08035268   0x08035268   0x00000348   Code   RO         4370    .text               bacnet_ARM_revXX_T10.lib(msv.o)
    0x080355b0   0x080355b0   0x0000089c   Code   RO         4394    .text               IO_control_ARM_revx.lib(inputs.o)
    0x08035e4c   0x08035e4c   0x0000007c   Code   RO         4421    .text               IO_control_ARM_revx.lib(outputs.o)
    0x08035ec8   0x08035ec8   0x00000058   Code   RO         4440    .text               bacnet_ARM_revXX_T10.lib(abort.o)
    0x08035f20   0x08035f20   0x0000009c   Code   RO         4452    .text               bacnet_ARM_revXX_T10.lib(bacaddr.o)
    0x08035fbc   0x08035fbc   0x000000be   Code   RO         4464    .text               bacnet_ARM_revXX_T10.lib(bacerror.o)
    0x0803607a   0x0803607a   0x00000002   PAD
    0x0803607c   0x0803607c   0x0000056c   Code   RO         4509    .text               bacnet_ARM_revXX_T10.lib(bacstr.o)
    0x080365e8   0x080365e8   0x000006b8   Code   RO         4524    .text               bacnet_ARM_revXX_T10.lib(datetime.o)
    0x08036ca0   0x08036ca0   0x0000012e   Code   RO         4584    .text               bacnet_ARM_revXX_T10.lib(iam.o)
    0x08036dce   0x08036dce   0x00000002   PAD
    0x08036dd0   0x08036dd0   0x000002b0   Code   RO         4597    .text               bacnet_ARM_revXX_T10.lib(npdu.o)
    0x08037080   0x08037080   0x00000068   Code   RO         4646    .text               bacnet_ARM_revXX_T10.lib(reject.o)
    0x080370e8   0x080370e8   0x00000248   Code   RO         4658    .text               bacnet_ARM_revXX_T10.lib(rp.o)
    0x08037330   0x08037330   0x000000ea   Code   RO         4670    .text               bacnet_ARM_revXX_T10.lib(s_iam.o)
    0x0803741a   0x0803741a   0x00000002   PAD
    0x0803741c   0x0803741c   0x00000108   Code   RO         4682    .text               bacnet_ARM_revXX_T10.lib(s_whois.o)
    0x08037524   0x08037524   0x00000290   Code   RO         4695    .text               bacnet_ARM_revXX_T10.lib(tsm.o)
    0x080377b4   0x080377b4   0x000001a8   Code   RO         4720    .text               bacnet_ARM_revXX_T10.lib(whois.o)
    0x0803795c   0x0803795c   0x000001c4   Code   RO         4736    .text               bacnet_ARM_revXX_T10.lib(wp.o)
    0x08037b20   0x08037b20   0x000000a2   Code   RO         4748    .text               bacnet_ARM_revXX_T10.lib(bactimevalue.o)
    0x08037bc2   0x08037bc2   0x00000472   Code   RO         4761    .text               bacnet_ARM_revXX_T10.lib(rpm.o)
    0x08038034   0x08038034   0x0000031e   Code   RO         4774    .text               bacnet_ARM_revXX_T10.lib(wpm.o)
    0x08038352   0x08038352   0x0000001c   Code   RO         4786    .text               bacnet_ARM_revXX_T10.lib(memcopy.o)
    0x0803836e   0x0803836e   0x00000002   PAD
    0x08038370   0x08038370   0x00000164   Code   RO         4801    .text               bacnet_ARM_revXX_T10.lib(s_ts.o)
    0x080384d4   0x080384d4   0x000000a0   Code   RO         4814    .text               bacnet_ARM_revXX_T10.lib(h_ts.o)
    0x08038574   0x08038574   0x000000a2   Code   RO         4826    .text               bacnet_ARM_revXX_T10.lib(h_whohas.o)
    0x08038616   0x08038616   0x000001c2   Code   RO         4841    .text               bacnet_ARM_revXX_T10.lib(proplist.o)
    0x080387d8   0x080387d8   0x00000224   Code   RO         4857    .text               bacnet_ARM_revXX_T10.lib(timesync.o)
    0x080389fc   0x080389fc   0x00000084   Code   RO         4869    .text               bacnet_ARM_revXX_T10.lib(s_ihave.o)
    0x08038a80   0x08038a80   0x0000015c   Code   RO         4884    .text               bacnet_ARM_revXX_T10.lib(whohas.o)
    0x08038bdc   0x08038bdc   0x000000f0   Code   RO         4899    .text               bacnet_ARM_revXX_T10.lib(ihave.o)
    0x08038ccc   0x08038ccc   0x00000024   Code   RO         4975    .text               mc_w.l(rand.o)
    0x08038cf0   0x08038cf0   0x00000024   Code   RO         4978    .text               mc_w.l(memcpya.o)
    0x08038d14   0x08038d14   0x00000024   Code   RO         4980    .text               mc_w.l(memseta.o)
    0x08038d38   0x08038d38   0x00000024   Code   RO         4982    .text               mc_w.l(strstr.o)
    0x08038d5c   0x08038d5c   0x0000000e   Code   RO         4986    .text               mc_w.l(strlen.o)
    0x08038d6a   0x08038d6a   0x00000014   Code   RO         4988    .text               mc_w.l(memchr.o)
    0x08038d7e   0x08038d7e   0x0000001a   Code   RO         4990    .text               mc_w.l(memcmp.o)
    0x08038d98   0x08038d98   0x00000012   Code   RO         4992    .text               mc_w.l(strcpy.o)
    0x08038daa   0x08038daa   0x00000002   PAD
    0x08038dac   0x08038dac   0x00000038   Code   RO         5285    .text               mc_w.l(__0sscanf.o)
    0x08038de4   0x08038de4   0x0000014c   Code   RO         5287    .text               mc_w.l(_scanf_int.o)
    0x08038f30   0x08038f30   0x00000070   Code   RO         5289    .text               mc_w.l(strtol.o)
    0x08038fa0   0x08038fa0   0x00000072   Code   RO         5291    .text               mc_w.l(strtoul.o)
    0x08039012   0x08039012   0x000000b0   Code   RO         5293    .text               mf_w.l(fadd.o)
    0x080390c2   0x080390c2   0x00000064   Code   RO         5295    .text               mf_w.l(fmul.o)
    0x08039126   0x08039126   0x0000007c   Code   RO         5297    .text               mf_w.l(fdiv.o)
    0x080391a2   0x080391a2   0x00000018   Code   RO         5299    .text               mf_w.l(fscalb.o)
    0x080391ba   0x080391ba   0x0000014e   Code   RO         5301    .text               mf_w.l(dadd.o)
    0x08039308   0x08039308   0x000000e4   Code   RO         5303    .text               mf_w.l(dmul.o)
    0x080393ec   0x080393ec   0x000000de   Code   RO         5305    .text               mf_w.l(ddiv.o)
    0x080394ca   0x080394ca   0x00000012   Code   RO         5307    .text               mf_w.l(fflti.o)
    0x080394dc   0x080394dc   0x0000000a   Code   RO         5309    .text               mf_w.l(ffltui.o)
    0x080394e6   0x080394e6   0x00000022   Code   RO         5311    .text               mf_w.l(dflti.o)
    0x08039508   0x08039508   0x0000001a   Code   RO         5313    .text               mf_w.l(dfltui.o)
    0x08039522   0x08039522   0x00000032   Code   RO         5315    .text               mf_w.l(ffixi.o)
    0x08039554   0x08039554   0x00000028   Code   RO         5317    .text               mf_w.l(ffixui.o)
    0x0803957c   0x0803957c   0x0000003e   Code   RO         5319    .text               mf_w.l(dfixi.o)
    0x080395ba   0x080395ba   0x00000032   Code   RO         5321    .text               mf_w.l(dfixui.o)
    0x080395ec   0x080395ec   0x00000026   Code   RO         5323    .text               mf_w.l(f2d.o)
    0x08039612   0x08039612   0x00000038   Code   RO         5325    .text               mf_w.l(d2f.o)
    0x0803964a   0x0803964a   0x00000002   PAD
    0x0803964c   0x0803964c   0x00000014   Code   RO         5327    .text               mf_w.l(cfcmple.o)
    0x08039660   0x08039660   0x0000003e   Code   RO         5329    .text               mf_w.l(setjmp.o)
    0x0803969e   0x0803969e   0x0000002c   Code   RO         5380    .text               mc_w.l(uidiv.o)
    0x080396ca   0x080396ca   0x00000062   Code   RO         5382    .text               mc_w.l(uldiv.o)
    0x0803972c   0x0803972c   0x0000001e   Code   RO         5384    .text               mc_w.l(llshl.o)
    0x0803974a   0x0803974a   0x00000020   Code   RO         5386    .text               mc_w.l(llushr.o)
    0x0803976a   0x0803976a   0x00000024   Code   RO         5388    .text               mc_w.l(llsshr.o)
    0x0803978e   0x0803978e   0x00000002   PAD
    0x08039790   0x08039790   0x00000008   Code   RO         5390    .text               mc_w.l(ctype_o.o)
    0x08039798   0x08039798   0x00000012   Code   RO         5412    .text               mc_w.l(isspace_o.o)
    0x080397aa   0x080397aa   0x0000001c   Code   RO         5427    .text               mc_w.l(_chval.o)
    0x080397c6   0x080397c6   0x00000002   PAD
    0x080397c8   0x080397c8   0x00000028   Code   RO         5429    .text               mc_w.l(scanf_char.o)
    0x080397f0   0x080397f0   0x00000040   Code   RO         5431    .text               mc_w.l(_sgetc.o)
    0x08039830   0x08039830   0x0000009e   Code   RO         5433    .text               mc_w.l(_strtoul.o)
    0x080398ce   0x080398ce   0x00000002   PAD
    0x080398d0   0x080398d0   0x0000009c   Code   RO         5435    .text               mc_w.l(strtod.o)
    0x0803996c   0x0803996c   0x0000006e   Code   RO         5438    .text               mf_w.l(fepilogue.o)
    0x080399da   0x080399da   0x000000ba   Code   RO         5440    .text               mf_w.l(depilogue.o)
    0x08039a94   0x08039a94   0x0000002e   Code   RO         5442    .text               mf_w.l(dscalb.o)
    0x08039ac2   0x08039ac2   0x000000a2   Code   RO         5444    .text               mf_w.l(dsqrt.o)
    0x08039b64   0x08039b64   0x00000030   Code   RO         5446    .text               mf_w.l(dfixul.o)
    0x08039b94   0x08039b94   0x00000030   Code   RO         5448    .text               mf_w.l(cdcmple.o)
    0x08039bc4   0x08039bc4   0x00000030   Code   RO         5450    .text               mf_w.l(cdrcmple.o)
    0x08039bf4   0x08039bf4   0x00000024   Code   RO         5452    .text               mc_w.l(init.o)
    0x08039c18   0x08039c18   0x00000330   Code   RO         5456    .text               mc_w.l(_scanf.o)
    0x08039f48   0x08039f48   0x00000360   Code   RO         5458    .text               mc_w.l(scanf_fp.o)
    0x0803a2a8   0x0803a2a8   0x00000018   Code   RO         5465    .text               mf_w.l(dfltul.o)
    0x0803a2c0   0x0803a2c0   0x00000056   Code   RO         5475    .text               mc_w.l(__dczerorl2.o)
    0x0803a316   0x0803a316   0x00000002   PAD
    0x0803a318   0x0803a318   0x00000020   Code   RO         5229    i.__0printf         mc_w.l(printfa.o)
    0x0803a338   0x0803a338   0x00000028   Code   RO         5231    i.__0sprintf        mc_w.l(printfa.o)
    0x0803a360   0x0803a360   0x00000028   Code   RO         5348    i.__ARM_fpclassify  m_ws.l(fpclassify.o)
    0x0803a388   0x0803a388   0x00000008   Code   RO         5420    i.__aeabi_errno_addr  mc_w.l(errno.o)
    0x0803a390   0x0803a390   0x00000388   Code   RO         5353    i.__ieee754_rem_pio2  m_ws.l(rred.o)
    0x0803a718   0x0803a718   0x000000fc   Code   RO         5331    i.__kernel_cos      m_ws.l(cos_i.o)
    0x0803a814   0x0803a814   0x000000aa   Code   RO         5350    i.__kernel_poly     m_ws.l(poly.o)
    0x0803a8be   0x0803a8be   0x00000002   PAD
    0x0803a8c0   0x0803a8c0   0x000000ec   Code   RO         5358    i.__kernel_sin      m_ws.l(sin_i.o)
    0x0803a9ac   0x0803a9ac   0x00000010   Code   RO         5334    i.__mathlib_dbl_divzero  m_ws.l(dunder.o)
    0x0803a9bc   0x0803a9bc   0x00000004   Code   RO         5336    i.__mathlib_dbl_infnan2  m_ws.l(dunder.o)
    0x0803a9c0   0x0803a9c0   0x0000000c   Code   RO         5337    i.__mathlib_dbl_invalid  m_ws.l(dunder.o)
    0x0803a9cc   0x0803a9cc   0x0000000e   Code   RO         5338    i.__mathlib_dbl_overflow  m_ws.l(dunder.o)
    0x0803a9da   0x0803a9da   0x00000002   PAD
    0x0803a9dc   0x0803a9dc   0x00000010   Code   RO         5340    i.__mathlib_dbl_underflow  m_ws.l(dunder.o)
    0x0803a9ec   0x0803a9ec   0x0000000e   Code   RO         5469    i.__scatterload_copy  mc_w.l(handlers.o)
    0x0803a9fa   0x0803a9fa   0x00000002   Code   RO         5470    i.__scatterload_null  mc_w.l(handlers.o)
    0x0803a9fc   0x0803a9fc   0x0000000e   Code   RO         5471    i.__scatterload_zeroinit  mc_w.l(handlers.o)
    0x0803aa0a   0x0803aa0a   0x00000002   PAD
    0x0803aa0c   0x0803aa0c   0x0000000c   Code   RO         5422    i.__set_errno       mc_w.l(errno.o)
    0x0803aa18   0x0803aa18   0x00000184   Code   RO         5236    i._fp_digits        mc_w.l(printfa.o)
    0x0803ab9c   0x0803ab9c   0x0000000e   Code   RO         5460    i._is_digit         mc_w.l(scanf_fp.o)
    0x0803abaa   0x0803abaa   0x00000002   PAD
    0x0803abac   0x0803abac   0x000006b4   Code   RO         5237    i._printf_core      mc_w.l(printfa.o)
    0x0803b260   0x0803b260   0x00000024   Code   RO         5238    i._printf_post_padding  mc_w.l(printfa.o)
    0x0803b284   0x0803b284   0x0000002e   Code   RO         5239    i._printf_pre_padding  mc_w.l(printfa.o)
    0x0803b2b2   0x0803b2b2   0x0000000a   Code   RO         5241    i._sputc            mc_w.l(printfa.o)
    0x0803b2bc   0x0803b2bc   0x0000009c   Code   RO         4915    i.cos               m_ws.l(cos.o)
    0x0803b358   0x0803b358   0x00000284   Code   RO         4923    i.exp               m_ws.l(exp.o)
    0x0803b5dc   0x0803b5dc   0x00000050   Code   RO         5257    i.free              mc_w.l(malloc.o)
    0x0803b62c   0x0803b62c   0x0000035c   Code   RO         4933    i.log               m_ws.l(log.o)
    0x0803b988   0x0803b988   0x0000006c   Code   RO         5258    i.malloc            mc_w.l(malloc.o)
    0x0803b9f4   0x0803b9f4   0x000009d8   Code   RO         4943    i.pow               m_ws.l(pow.o)
    0x0803c3cc   0x0803c3cc   0x000000a0   Code   RO         4953    i.sin               m_ws.l(sin.o)
    0x0803c46c   0x0803c46c   0x0000004c   Code   RO         4961    i.sqrt              m_ws.l(sqrt.o)
    0x0803c4b8   0x0803c4b8   0x0000001c   Code   RO         4969    i.strtod            m_ws.l(strtod.o)
    0x0803c4d4   0x0803c4d4   0x00000018   Data   RO         1088    .constdata          rtc.o
    0x0803c4ec   0x0803c4ec   0x0000005a   Data   RO         2034    .constdata          user_data.o
    0x0803c546   0x0803c546   0x0000000f   Data   RO         2035    .constdata          user_data.o
    0x0803c555   0x0803c555   0x00000003   PAD
    0x0803c558   0x0803c558   0x00011388   Data   RO         2148    .constdata          er-tft024-3_4-wire_spi.o
    0x0804d8e0   0x0804d8e0   0x00000654   Data   RO         2149    .constdata          er-tft024-3_4-wire_spi.o
    0x0804df34   0x0804df34   0x00000020   Data   RO         2150    .constdata          er-tft024-3_4-wire_spi.o
    0x0804df54   0x0804df54   0x00000654   Data   RO         2151    .constdata          er-tft024-3_4-wire_spi.o
    0x0804e5a8   0x0804e5a8   0x00000020   Data   RO         2152    .constdata          er-tft024-3_4-wire_spi.o
    0x0804e5c8   0x0804e5c8   0x00000654   Data   RO         2153    .constdata          er-tft024-3_4-wire_spi.o
    0x0804ec1c   0x0804ec1c   0x00000020   Data   RO         2154    .constdata          er-tft024-3_4-wire_spi.o
    0x0804ec3c   0x0804ec3c   0x00000654   Data   RO         2155    .constdata          er-tft024-3_4-wire_spi.o
    0x0804f290   0x0804f290   0x00000020   Data   RO         2156    .constdata          er-tft024-3_4-wire_spi.o
    0x0804f2b0   0x0804f2b0   0x00000654   Data   RO         2157    .constdata          er-tft024-3_4-wire_spi.o
    0x0804f904   0x0804f904   0x00000020   Data   RO         2158    .constdata          er-tft024-3_4-wire_spi.o
    0x0804f924   0x0804f924   0x00000654   Data   RO         2159    .constdata          er-tft024-3_4-wire_spi.o
    0x0804ff78   0x0804ff78   0x00000020   Data   RO         2160    .constdata          er-tft024-3_4-wire_spi.o
    0x0804ff98   0x0804ff98   0x00000654   Data   RO         2161    .constdata          er-tft024-3_4-wire_spi.o
    0x080505ec   0x080505ec   0x00000020   Data   RO         2162    .constdata          er-tft024-3_4-wire_spi.o
    0x0805060c   0x0805060c   0x00000654   Data   RO         2163    .constdata          er-tft024-3_4-wire_spi.o
    0x08050c60   0x08050c60   0x00000020   Data   RO         2164    .constdata          er-tft024-3_4-wire_spi.o
    0x08050c80   0x08050c80   0x00000654   Data   RO         2165    .constdata          er-tft024-3_4-wire_spi.o
    0x080512d4   0x080512d4   0x00000020   Data   RO         2166    .constdata          er-tft024-3_4-wire_spi.o
    0x080512f4   0x080512f4   0x00000654   Data   RO         2167    .constdata          er-tft024-3_4-wire_spi.o
    0x08051948   0x08051948   0x00000020   Data   RO         2168    .constdata          er-tft024-3_4-wire_spi.o
    0x08051968   0x08051968   0x000002a4   Data   RO         2169    .constdata          er-tft024-3_4-wire_spi.o
    0x08051c0c   0x08051c0c   0x000002a4   Data   RO         2170    .constdata          er-tft024-3_4-wire_spi.o
    0x08051eb0   0x08051eb0   0x00000548   Data   RO         2171    .constdata          er-tft024-3_4-wire_spi.o
    0x080523f8   0x080523f8   0x00000548   Data   RO         2172    .constdata          er-tft024-3_4-wire_spi.o
    0x08052940   0x08052940   0x00000548   Data   RO         2173    .constdata          er-tft024-3_4-wire_spi.o
    0x08052e88   0x08052e88   0x00000548   Data   RO         2174    .constdata          er-tft024-3_4-wire_spi.o
    0x080533d0   0x080533d0   0x00000548   Data   RO         2175    .constdata          er-tft024-3_4-wire_spi.o
    0x08053918   0x08053918   0x00000548   Data   RO         2176    .constdata          er-tft024-3_4-wire_spi.o
    0x08053e60   0x08053e60   0x0000021b   Data   RO         2386    .constdata          modbus.o
    0x0805407b   0x0805407b   0x0000000f   Data   RO         2511    .constdata          range.o
    0x0805408a   0x0805408a   0x00000018   Data   RO         2559    .constdata          sntpc.o
    0x080540a2   0x080540a2   0x00000060   Data   RO         2831    .constdata          constcode.o
    0x08054102   0x08054102   0x0000008c   Data   RO         2855    .constdata          menumain.o
    0x0805418e   0x0805418e   0x0000002c   Data   RO         2949    .constdata          ff.o
    0x080541ba   0x080541ba   0x00000002   PAD
    0x080541bc   0x080541bc   0x00000010   Data   RO         3021    .constdata          sgp30.o
    0x080541cc   0x080541cc   0x00000001   Data   RO         3046    .constdata          sgp30_featureset.o
    0x080541cd   0x080541cd   0x00000001   Data   RO         3047    .constdata          sgp30_featureset.o
    0x080541ce   0x080541ce   0x00000001   Data   RO         3048    .constdata          sgp30_featureset.o
    0x080541cf   0x080541cf   0x00000001   PAD
    0x080541d0   0x080541d0   0x00000024   Data   RO         3049    .constdata          sgp30_featureset.o
    0x080541f4   0x080541f4   0x00000024   Data   RO         3050    .constdata          sgp30_featureset.o
    0x08054218   0x08054218   0x00000024   Data   RO         3051    .constdata          sgp30_featureset.o
    0x0805423c   0x0805423c   0x00000024   Data   RO         3052    .constdata          sgp30_featureset.o
    0x08054260   0x08054260   0x00000024   Data   RO         3053    .constdata          sgp30_featureset.o
    0x08054284   0x08054284   0x00000024   Data   RO         3054    .constdata          sgp30_featureset.o
    0x080542a8   0x080542a8   0x00000030   Data   RO         3055    .constdata          sgp30_featureset.o
    0x080542d8   0x080542d8   0x00000030   Data   RO         3056    .constdata          sgp30_featureset.o
    0x08054308   0x08054308   0x00000030   Data   RO         3057    .constdata          sgp30_featureset.o
    0x08054338   0x08054338   0x00000030   Data   RO         3058    .constdata          sgp30_featureset.o
    0x08054368   0x08054368   0x00000030   Data   RO         3059    .constdata          sgp30_featureset.o
    0x08054398   0x08054398   0x00000030   Data   RO         3060    .constdata          sgp30_featureset.o
    0x080543c8   0x080543c8   0x00000030   Data   RO         3061    .constdata          sgp30_featureset.o
    0x080543f8   0x080543f8   0x00000030   Data   RO         3062    .constdata          sgp30_featureset.o
    0x08054428   0x08054428   0x00000002   Data   RO         3063    .constdata          sgp30_featureset.o
    0x0805442a   0x0805442a   0x00000002   Data   RO         3064    .constdata          sgp30_featureset.o
    0x0805442c   0x0805442c   0x00000002   Data   RO         3065    .constdata          sgp30_featureset.o
    0x0805442e   0x0805442e   0x00000002   PAD
    0x08054430   0x08054430   0x00000010   Data   RO         3066    .constdata          sgp30_featureset.o
    0x08054440   0x08054440   0x00000010   Data   RO         3067    .constdata          sgp30_featureset.o
    0x08054450   0x08054450   0x00000010   Data   RO         3068    .constdata          sgp30_featureset.o
    0x08054460   0x08054460   0x00000008   Data   RO         3069    .constdata          sgp30_featureset.o
    0x08054468   0x08054468   0x0000002c   Data   RO         3172    .constdata          bacnet_ARM_revXX_T10.lib(ai.o)
    0x08054494   0x08054494   0x00000034   Data   RO         3370    .constdata          bacnet_ARM_revXX_T10.lib(ao.o)
    0x080544c8   0x080544c8   0x00000020   Data   RO         3440    .constdata          bacnet_ARM_revXX_T10.lib(av.o)
    0x080544e8   0x080544e8   0x0000002c   Data   RO         3569    .constdata          bacnet_ARM_revXX_T10.lib(bi.o)
    0x08054514   0x08054514   0x00000030   Data   RO         3590    .constdata          bacnet_ARM_revXX_T10.lib(bv.o)
    0x08054544   0x08054544   0x00000040   Data   RO         3607    .constdata          bacnet_ARM_revXX_T10.lib(bo.o)
    0x08054584   0x08054584   0x00000080   Data   RO         3967    .constdata          bacnet_ARM_revXX_T10.lib(device.o)
    0x08054604   0x08054604   0x00000020   Data   RO         4239    .constdata          bacnet_ARM_revXX_T10.lib(calendar.o)
    0x08054624   0x08054624   0x00000040   Data   RO         4260    .constdata          bacnet_ARM_revXX_T10.lib(schedule.o)
    0x08054664   0x08054664   0x00000014   Data   RO         4354    .constdata          bacnet_ARM_revXX_T10.lib(proprietary.o)
    0x08054678   0x08054678   0x00000034   Data   RO         4371    .constdata          bacnet_ARM_revXX_T10.lib(msv.o)
    0x080546ac   0x080546ac   0x00000232   Data   RO         4396    .constdata          IO_control_ARM_revx.lib(inputs.o)
    0x080548de   0x080548de   0x00000100   Data   RO         4510    .constdata          bacnet_ARM_revXX_T10.lib(bacstr.o)
    0x080549de   0x080549de   0x00000002   PAD
    0x080549e0   0x080549e0   0x00000034   Data   RO         4525    .constdata          bacnet_ARM_revXX_T10.lib(datetime.o)
    0x08054a14   0x08054a14   0x00000004   PAD
    0x08054a18   0x08054a18   0x00000058   Data   RO         4924    .constdata          m_ws.l(exp.o)
    0x08054a70   0x08054a70   0x00000038   Data   RO         4934    .constdata          m_ws.l(log.o)
    0x08054aa8   0x08054aa8   0x00000088   Data   RO         4944    .constdata          m_ws.l(pow.o)
    0x08054b30   0x08054b30   0x00000030   Data   RO         5332    .constdata          m_ws.l(cos_i.o)
    0x08054b60   0x08054b60   0x00000008   Data   RO         5352    .constdata          m_ws.l(qnan.o)
    0x08054b68   0x08054b68   0x000000c8   Data   RO         5355    .constdata          m_ws.l(rred.o)
    0x08054c30   0x08054c30   0x00000028   Data   RO         5359    .constdata          m_ws.l(sin_i.o)
    0x08054c58   0x08054c58   0x00000081   Data   RO         5391    .constdata          mc_w.l(ctype_o.o)
    0x08054cd9   0x08054cd9   0x00000003   PAD
    0x08054cdc   0x08054cdc   0x00000004   Data   RO         5392    .constdata          mc_w.l(ctype_o.o)
    0x08054ce0   0x08054ce0   0x00000006   Data   RO         3006    .conststring        sgp_git_version.o
    0x08054ce6   0x08054ce6   0x00000002   PAD
    0x08054ce8   0x08054ce8   0x00000040   Data   RO         5467    Region$$Table       anon$$obj.o


    Execution Region RW_IRAM1 (Exec base: 0x20002000, Load base: 0x08054f08, Size: 0x000043dc, Max: 0x0000e000, ABSOLUTE, COMPRESSED[0x00000104])

    Exec Addr    Load Addr    Size         Type   Attr      Idx    E Section Name        Object

    0x20002000   COMPRESSED   0x00000014   Data   RW          509    .data               system_stm32f10x.o
    0x20002014   COMPRESSED   0x00000008   Data   RW         1008    .data               timerx.o
    0x2000201c   COMPRESSED   0x00000002   Data   RW         1089    .data               rtc.o
    0x2000201e   COMPRESSED   0x00000001   Data   RW         1118    .data               mmc_sd.o
    0x2000201f   COMPRESSED   0x00000002   Data   RW         1262    .data               sht3x.o
    0x20002021   COMPRESSED   0x00000001   PAD
    0x20002022   COMPRESSED   0x00000004   Data   RW         1294    .data               sht4x.o
    0x20002026   COMPRESSED   0x00000004   Data   RW         1469    .data               usart.o
    0x2000202a   COMPRESSED   0x0000002a   Data   RW         1542    .data               bac_interface.o
    0x20002054   COMPRESSED   0x00000018   Data   RW         1579    .data               bip.o
    0x2000206c   COMPRESSED   0x00000014   Data   RW         1827    .data               bac_control.o
    0x20002080   COMPRESSED   0x00000004   Data   RW         1876    .data               decode.o
    0x20002084   COMPRESSED   0x00000010   Data   RW         1916    .data               monitor.o
    0x20002094   COMPRESSED   0x00000001   Data   RW         1949    .data               point.o
    0x20002095   COMPRESSED   0x00000003   PAD
    0x20002098   COMPRESSED   0x00000014   Data   RW         1985    .data               ptransfer.o
    0x200020ac   COMPRESSED   0x00000032   Data   RW         2038    .data               user_data.o
    0x200020de   COMPRESSED   0x00000004   Data   RW         2040    .data               user_data.o
    0x200020e2   COMPRESSED   0x00000001   Data   RW         2042    .data               user_data.o
    0x200020e3   COMPRESSED   0x00000001   Data   RW         2044    .data               user_data.o
    0x200020e4   COMPRESSED   0x00000004   Data   RW         2049    .data               user_data.o
    0x200020e8   COMPRESSED   0x00000004   Data   RW         2051    .data               user_data.o
    0x200020ec   COMPRESSED   0x00000004   Data   RW         2053    .data               user_data.o
    0x200020f0   COMPRESSED   0x00000004   Data   RW         2055    .data               user_data.o
    0x200020f4   COMPRESSED   0x00000001   Data   RW         2058    .data               user_data.o
    0x200020f5   COMPRESSED   0x00000001   Data   RW         2060    .data               user_data.o
    0x200020f6   COMPRESSED   0x00000005   Data   RW         2061    .data               user_data.o
    0x200020fb   COMPRESSED   0x00000004   Data   RW         2251    .data               commsub.o
    0x200020ff   COMPRESSED   0x00000001   Data   RW         2253    .data               commsub.o
    0x20002100   COMPRESSED   0x00000001   Data   RW         2255    .data               commsub.o
    0x20002101   COMPRESSED   0x00000001   Data   RW         2278    .data               scan.o
    0x20002102   COMPRESSED   0x00000001   Data   RW         2292    .data               scan.o
    0x20002103   COMPRESSED   0x00000001   PAD
    0x20002104   COMPRESSED   0x00000080   Data   RW         2387    .data               modbus.o
    0x20002184   COMPRESSED   0x00000001   Data   RW         2393    .data               modbus.o
    0x20002185   COMPRESSED   0x00000003   Data   RW         2396    .data               modbus.o
    0x20002188   COMPRESSED   0x00000002   Data   RW         2398    .data               modbus.o
    0x2000218a   COMPRESSED   0x00000001   Data   RW         2399    .data               modbus.o
    0x2000218b   COMPRESSED   0x00000001   PAD
    0x2000218c   COMPRESSED   0x00000048   Data   RW         2456    .data               main.o
    0x200021d4   COMPRESSED   0x00000001   Data   RW         2469    .data               main.o
    0x200021d5   COMPRESSED   0x00000003   PAD
    0x200021d8   COMPRESSED   0x00000004   Data   RW         2471    .data               main.o
    0x200021dc   COMPRESSED   0x00000002   Data   RW         2531    .data               tstat_wifi.o
    0x200021de   COMPRESSED   0x00000002   PAD
    0x200021e0   COMPRESSED   0x0000000a   Data   RW         2560    .data               sntpc.o
    0x200021ea   COMPRESSED   0x00000002   PAD
    0x200021ec   COMPRESSED   0x00000018   Data   RW         2598    .data               wifi.o
    0x20002204   COMPRESSED   0x00000001   Data   RW         2601    .data               wifi.o
    0x20002205   COMPRESSED   0x00000003   PAD
    0x20002208   COMPRESSED   0x0000006c   Data   RW         2730    .data               menu.o
    0x20002274   COMPRESSED   0x00000044   Data   RW         2871    .data               menudayset.o
    0x200022b8   COMPRESSED   0x00000014   Data   RW         2891    .data               exfuns.o
    0x200022cc   COMPRESSED   0x00000004   Data   RW         3007    .data               sgp_git_version.o
    0x200022d0   COMPRESSED   0x00000008   Data   RW         3070    .data               sgp30_featureset.o
    0x200022d8   COMPRESSED   0x00000008   Data   RW         3073    .data               sgp30_featureset.o
    0x200022e0   COMPRESSED   0x0000000c   Data   RW         3077    .data               sgp30_featureset.o
    0x200022ec   COMPRESSED   0x00000002   Data   RW         3137    .data               scd4x_i2c_example_usage.o
    0x200022ee   COMPRESSED   0x00000001   Data   RW         3371    .data               bacnet_ARM_revXX_T10.lib(ao.o)
    0x200022ef   COMPRESSED   0x00000001   PAD
    0x200022f0   COMPRESSED   0x00000039   Data   RW         3540    .data               bacnet_ARM_revXX_T10.lib(apdu.o)
    0x20002329   COMPRESSED   0x00000001   Data   RW         3570    .data               bacnet_ARM_revXX_T10.lib(bi.o)
    0x2000232a   COMPRESSED   0x00000001   Data   RW         3608    .data               bacnet_ARM_revXX_T10.lib(bo.o)
    0x2000232b   COMPRESSED   0x00000001   PAD
    0x2000232c   COMPRESSED   0x0000000c   Data   RW         3748    .data               bacnet_ARM_revXX_T10.lib(bacapp.o)
    0x20002338   COMPRESSED   0x00000001   Data   RW         4104    .data               bacnet_ARM_revXX_T10.lib(h_whois.o)
    0x20002339   COMPRESSED   0x00000001   Data   RW         4108    .data               bacnet_ARM_revXX_T10.lib(h_whois.o)
    0x2000233a   COMPRESSED   0x00000001   Data   RW         4355    .data               bacnet_ARM_revXX_T10.lib(proprietary.o)
    0x2000233b   COMPRESSED   0x00000001   Data   RW         4697    .data               bacnet_ARM_revXX_T10.lib(tsm.o)
    0x2000233c   COMPRESSED   0x00000004   Data   RW         4976    .data               mc_w.l(rand.o)
    0x20002340   COMPRESSED   0x00000004   Data   RW         5419    .data               mc_w.l(mvars.o)
    0x20002344        -       0x0000000a   Zero   RW         1087    .bss                rtc.o
    0x2000234e   COMPRESSED   0x00000002   PAD
    0x20002350        -       0x000001f4   Zero   RW         1342    .bss                tasks.o
    0x20002544        -       0x00000814   Zero   RW         1541    .bss                bac_interface.o
    0x20002d58        -       0x00000150   Zero   RW         1826    .bss                bac_control.o
    0x20002ea8        -       0x000000a0   Zero   RW         1874    .bss                decode.o
    0x20002f48        -       0x00000050   Zero   RW         2032    .bss                user_data.o
    0x20002f98        -       0x00000120   Zero   RW         2106    .bss                io.o
    0x200030b8        -       0x0000001b   Zero   RW         2143    .bss                er-tft024-3_4-wire_spi.o
    0x200030d3        -       0x00000064   Zero   RW         2243    .bss                commsub.o
    0x20003137        -       0x00000064   Zero   RW         2245    .bss                commsub.o
    0x2000319b   COMPRESSED   0x00000001   PAD
    0x2000319c        -       0x00001190   Zero   RW         2383    .bss                modbus.o
    0x2000432c        -       0x00000040   Zero   RW         2384    .bss                modbus.o
    0x2000436c        -       0x0000005e   Zero   RW         2529    .bss                tstat_wifi.o
    0x200043ca        -       0x0000001e   Zero   RW         2558    .bss                sntpc.o
    0x200043e8        -       0x00000402   Zero   RW         2626    .bss                bsp_esp8266.o
    0x200047ea        -       0x0000000e   Zero   RW         2729    .bss                menu.o
    0x200047f8        -       0x00000025   Zero   RW         2778    .bss                menuidle.o
    0x2000481d   COMPRESSED   0x00000003   PAD
    0x20004820        -       0x00000194   Zero   RW         3539    .bss                bacnet_ARM_revXX_T10.lib(apdu.o)
    0x200049b4        -       0x00000040   Zero   RW         3568    .bss                bacnet_ARM_revXX_T10.lib(bi.o)
    0x200049f4        -       0x00000272   Zero   RW         3994    .bss                bacnet_ARM_revXX_T10.lib(dlmstp.o)
    0x20004c66        -       0x0000026b   Zero   RW         4127    .bss                bacnet_ARM_revXX_T10.lib(h_wp.o)
    0x20004ed1        -       0x00000258   Zero   RW         4314    .bss                bacnet_ARM_revXX_T10.lib(h_rpm.o)
    0x20005129        -       0x00000dcd   Zero   RW         4395    .bss                IO_control_ARM_revx.lib(inputs.o)
    0x20005ef6        -       0x000004e4   Zero   RW         4711    .bss                bacnet_ARM_revXX_T10.lib(txbuf.o)


    Execution Region RW_RAM1 (Exec base: 0x60000000, Load base: 0x08054d28, Size: 0x000763d8, Max: 0x00080000, ABSOLUTE, COMPRESSED[0x000001e0])

    Exec Addr    Load Addr    Size         Type   Attr      Idx    E Section Name        Object

    0x60000000   COMPRESSED   0x00000014   Data   RW          663    .data               stm32f10x_rcc.o
    0x60000014   COMPRESSED   0x00000004   Data   RW          974    .data               stmflash.o
    0x60000018   COMPRESSED   0x00000001   Data   RW         1324    .data               sht4x_example_usage.o
    0x60000019   COMPRESSED   0x00000003   PAD
    0x6000001c   COMPRESSED   0x0000003c   Data   RW         1343    .data               tasks.o
    0x60000058   COMPRESSED   0x00000004   Data   RW         1420    .data               port.o
    0x6000005c   COMPRESSED   0x00000018   Data   RW         1451    .data               heap_2.o
    0x60000074   COMPRESSED   0x00000004   Data   RW         1527    .data               delay.o
    0x60000078   COMPRESSED   0x00000002   Data   RW         1829    .data               bac_control.o
    0x6000007a   COMPRESSED   0x00000002   PAD
    0x6000007c   COMPRESSED   0x00000014   Data   RW         1875    .data               decode.o
    0x60000090   COMPRESSED   0x00000004   Data   RW         1917    .data               monitor.o
    0x60000094   COMPRESSED   0x00000005   Data   RW         2039    .data               user_data.o
    0x60000099   COMPRESSED   0x00000001   Data   RW         2041    .data               user_data.o
    0x6000009a   COMPRESSED   0x00000001   Data   RW         2043    .data               user_data.o
    0x6000009b   COMPRESSED   0x00000001   Data   RW         2047    .data               user_data.o
    0x6000009c   COMPRESSED   0x00000004   Data   RW         2048    .data               user_data.o
    0x600000a0   COMPRESSED   0x00000004   Data   RW         2050    .data               user_data.o
    0x600000a4   COMPRESSED   0x00000004   Data   RW         2052    .data               user_data.o
    0x600000a8   COMPRESSED   0x00000004   Data   RW         2054    .data               user_data.o
    0x600000ac   COMPRESSED   0x00000004   Data   RW         2057    .data               user_data.o
    0x600000b0   COMPRESSED   0x00000001   Data   RW         2059    .data               user_data.o
    0x600000b1   COMPRESSED   0x00000003   PAD
    0x600000b4   COMPRESSED   0x0000006c   Data   RW         2177    .data               er-tft024-3_4-wire_spi.o
    0x60000120   COMPRESSED   0x00000018   Data   RW         2213    .data               key.o
    0x60000138   COMPRESSED   0x00000001   Data   RW         2252    .data               commsub.o
    0x60000139   COMPRESSED   0x00000001   Data   RW         2254    .data               commsub.o
    0x6000013a   COMPRESSED   0x00000002   PAD
    0x6000013c   COMPRESSED   0x00000048   Data   RW         2276    .data               scan.o
    0x60000184   COMPRESSED   0x00000001   Data   RW         2277    .data               scan.o
    0x60000185   COMPRESSED   0x00000001   Data   RW         2291    .data               scan.o
    0x60000186   COMPRESSED   0x00000001   Data   RW         2392    .data               modbus.o
    0x60000187   COMPRESSED   0x00000001   Data   RW         2394    .data               modbus.o
    0x60000188   COMPRESSED   0x00000003   Data   RW         2397    .data               modbus.o
    0x6000018b   COMPRESSED   0x00000001   PAD
    0x6000018c   COMPRESSED   0x00000002   Data   RW         2467    .data               main.o
    0x6000018e   COMPRESSED   0x00000001   Data   RW         2468    .data               main.o
    0x6000018f   COMPRESSED   0x00000001   PAD
    0x60000190   COMPRESSED   0x00000004   Data   RW         2470    .data               main.o
    0x60000194   COMPRESSED   0x00000004   Data   RW         2472    .data               main.o
    0x60000198   COMPRESSED   0x0000005a   Data   RW         2530    .data               tstat_wifi.o
    0x600001f2   COMPRESSED   0x00000002   Data   RW         2532    .data               tstat_wifi.o
    0x600001f4   COMPRESSED   0x00000001   Data   RW         2561    .data               sntpc.o
    0x600001f5   COMPRESSED   0x0000000c   Data   RW         2779    .data               menuidle.o
    0x60000201   COMPRESSED   0x00000001   PAD
    0x60000202   COMPRESSED   0x00000006   Data   RW         2799    .data               menuset.o
    0x60000208   COMPRESSED   0x00000008   Data   RW         2950    .data               ff.o
    0x60000210   COMPRESSED   0x00000004   Data   RW         3071    .data               sgp30_featureset.o
    0x60000214   COMPRESSED   0x00000008   Data   RW         3072    .data               sgp30_featureset.o
    0x6000021c   COMPRESSED   0x00000014   Data   RW         3074    .data               sgp30_featureset.o
    0x60000230   COMPRESSED   0x00000018   Data   RW         3075    .data               sgp30_featureset.o
    0x60000248   COMPRESSED   0x00000020   Data   RW         3076    .data               sgp30_featureset.o
    0x60000268   COMPRESSED   0x0000000c   Data   RW         3092    .data               voc.o
    0x60000274   COMPRESSED   0x00000001   Data   RW         3173    .data               bacnet_ARM_revXX_T10.lib(ai.o)
    0x60000275   COMPRESSED   0x00000001   Data   RW         3441    .data               bacnet_ARM_revXX_T10.lib(av.o)
    0x60000276   COMPRESSED   0x00000001   Data   RW         3591    .data               bacnet_ARM_revXX_T10.lib(bv.o)
    0x60000277   COMPRESSED   0x00000001   PAD
    0x60000278   COMPRESSED   0x00000290   Data   RW         3968    .data               bacnet_ARM_revXX_T10.lib(device.o)
    0x60000508   COMPRESSED   0x00000030   Data   RW         3995    .data               bacnet_ARM_revXX_T10.lib(dlmstp.o)
    0x60000538   COMPRESSED   0x00000001   Data   RW         4103    .data               bacnet_ARM_revXX_T10.lib(h_whois.o)
    0x60000539   COMPRESSED   0x00000001   Data   RW         4106    .data               bacnet_ARM_revXX_T10.lib(h_whois.o)
    0x6000053a   COMPRESSED   0x00000002   Data   RW         4199    .data               bacnet_ARM_revXX_T10.lib(rs485.o)
    0x6000053c   COMPRESSED   0x00000001   Data   RW         4240    .data               bacnet_ARM_revXX_T10.lib(calendar.o)
    0x6000053d   COMPRESSED   0x0000000b   Data   RW         4261    .data               bacnet_ARM_revXX_T10.lib(schedule.o)
    0x60000548   COMPRESSED   0x00000001   Data   RW         4372    .data               bacnet_ARM_revXX_T10.lib(msv.o)
    0x60000549   COMPRESSED   0x00000003   PAD
    0x6000054c   COMPRESSED   0x00000004   Data   RW         5418    .data               mc_w.l(mvars.o)
    0x60000550   COMPRESSED   0x00000004   Data   RW         5423    .data               mc_w.l(errno.o)
    0x60000554        -       0x00001000   Zero   RW          973    .bss                stmflash.o
    0x60001554        -       0x0000f000   Zero   RW         1450    .bss                heap_2.o
    0x60010554        -       0x000052e4   Zero   RW         1915    .bss                monitor.o
    0x60015838        -       0x00002200   Zero   RW         1948    .bss                point.o
    0x60017a38        -       0x00008870   Zero   RW         1981    .bss                ptransfer.o
    0x600202a8        -       0x00000064   Zero   RW         1983    .bss                ptransfer.o
    0x6002030c        -       0x00000258   Zero   RW         1984    .bss                ptransfer.o
    0x60020564        -       0x00010fa4   Zero   RW         2026    .bss                user_data.o
    0x60031508        -       0x00000190   Zero   RW         2027    .bss                user_data.o
    0x60031698        -       0x00000040   Zero   RW         2028    .bss                user_data.o
    0x600316d8        -       0x00000028   Zero   RW         2029    .bss                user_data.o
    0x60031700        -       0x00000100   Zero   RW         2030    .bss                user_data.o
    0x60031800        -       0x00000100   Zero   RW         2031    .bss                user_data.o
    0x60031900        -       0x0000005e   Zero   RW         2033    .bss                user_data.o
    0x6003195e        -       0x00005e9a   Zero   RW         2119    .bss                flash_user.o
    0x600377f8        -       0x00000064   Zero   RW         2244    .bss                commsub.o
    0x6003785c        -       0x000004b0   Zero   RW         2246    .bss                commsub.o
    0x60037d0c        -       0x00001834   Zero   RW         2274    .bss                scan.o
    0x60039540        -       0x00000040   Zero   RW         2385    .bss                modbus.o
    0x60039580        -       0x000002e8   Zero   RW         2454    .bss                main.o
    0x60039868        -       0x000001a0   Zero   RW         2509    .bss                range.o
    0x60039a08        -       0x00000048   Zero   RW         2526    .bss                tstat_wifi.o
    0x60039a50        -       0x00000010   Zero   RW         2527    .bss                tstat_wifi.o
    0x60039a60        -       0x0000001c   Zero   RW         2557    .bss                sntpc.o
    0x60039a7c        -       0x00000014   Zero   RW         2580    .bss                user_arm.o
    0x60039a90        -       0x00009c78   Zero   RW         2595    .bss                wifi.o
    0x60043708        -       0x00006aee   Zero   RW         2890    .bss                exfuns.o
    0x6004a1f6   COMPRESSED   0x00000002   PAD
    0x6004a1f8        -       0x00000038   Zero   RW         3020    .bss                sgp30.o
    0x6004a230        -       0x0000000a   Zero   RW         3091    .bss                voc.o
    0x6004a23a        -       0x00001ee1   Zero   RW         3461    .bss                bacnet_ARM_revXX_T10.lib(address.o)
    0x6004c11b   COMPRESSED   0x00000001   PAD
    0x6004c11c        -       0x00000210   Zero   RW         4196    .bss                bacnet_ARM_revXX_T10.lib(rs485.o)
    0x6004c32c        -       0x00000b40   Zero   RW         4422    .bss                IO_control_ARM_revx.lib(outputs.o)
    0x6004ce6c        -       0x0002936a   Zero   RW         4696    .bss                bacnet_ARM_revXX_T10.lib(tsm.o)
    0x600761d6   COMPRESSED   0x00000002   PAD
    0x600761d8        -       0x00000200   Zero   RW          792    HEAP                startup_stm32f10x_hd.o


==============================================================================

Image component sizes


      Code (inc. data)   RO Data    RW Data    ZI Data      Debug   Object Name

       318          0          0          0          0       2762   24cxx.o
      2320        452          0          0          0      47677   alarm.o
      3036        286          0         22        336       7929   bac_control.o
      8968        928          0         42       2068      29660   bac_interface.o
       668         22          0         24          0       7228   bip.o
      4232        772          0          0       1026      15473   bsp_esp8266.o
      1456         64          0          8       1500       9542   commsub.o
         0          0         96          0          0       2496   constcode.o
         0          0          0          0          0         32   cortexm3_macro_rvds.o
      6588        374          0         24        160      25645   decode.o
       156          4          0          4          0       1263   delay.o
       162          0          0          0          0       3720   diskio.o
      6856        530      96520        108         27      28372   er-tft024-3_4-wire_spi.o
      1552        108          0         20      27374       9382   exfuns.o
      7498        104         44          8          0      26036   ff.o
      3772        466          0          0      24218      11548   flash_user.o
       252         10          0         24      61440       3112   heap_2.o
       492          4          0          0          0       2523   i2c_hal.o
         0          0         20          0          0        479   info.o
      1416        100          0          0        288       6150   io.o
       364         32          0         24          0       2475   key.o
       136          0          0          0          0       1762   list.o
      6920        524          0         88        744      17728   main.o
       340         28          0        108         14       4866   menu.o
      2068        136          0         68          0       5633   menudayset.o
      5332        412          0         12         37      10673   menuidle.o
       336         64        140          0          0       2309   menumain.o
       600         76          0          6          0       1973   menuset.o
       176         14          0          0          0     208749   misc.o
      1496         26          0          1          0       6384   mmc_sd.o
     19684       1034        539        140       4624      76410   modbus.o
      3396        124          0         20      21220       6615   monitor.o
       592          6          0          0          0       2928   myiic.o
      6628        320          0          1       8704      17194   point.o
       350         30          0          4          0       6918   port.o
      8908        704          0         20      35628      34498   ptransfer.o
      1514          4          0          0          0      14754   queue.o
       384         32         15          0        416       3103   range.o
       804         32         24          2         10      15869   rtc.o
      9936        488          0         76       6196      28275   scan.o
      1276         24          0          0          0       9065   scd4x_i2c.o
       208         18          0          2          0       1347   scd4x_i2c_example_usage.o
         0          0          0          0          0        392   sdioemmcdrive.o
       426          0          0          0          0       5329   sensirion_common.o
       500          0          0          0          0       4998   sensirion_i2c.o
       406          0          0          0          0       3216   sensirion_sw_i2c.o
       164          6          0          0          0       2145   sensirion_sw_i2c_implementation.o
      1188         42         16          0         56      13019   sgp30.o
         0          0        665        116          0       3955   sgp30_featureset.o
         0          0          6          4          0        246   sgp_git_version.o
      1352         76          0          2          0      11006   sht3x.o
       200         14          0          4          0       4345   sht4x.o
       144         14          0          1          0        906   sht4x_example_usage.o
       996         80         24         11         58       5728   sntpc.o
       952         42          0          0          0       6121   spi.o
       196         72        304          0        512        808   startup_stm32f10x_hd.o
       824         24          0          0          0      20436   stm32f10x_adc.o
       152          8          0          0          0       3448   stm32f10x_bkp.o
       456         10          0          0          0       4630   stm32f10x_dma.o
       232          8          0          0          0       2391   stm32f10x_exti.o
       612         36          0          0          0       5989   stm32f10x_gpio.o
       264        114          0          0          0     160977   stm32f10x_it.o
        60          6          0          0          0       1289   stm32f10x_iwdg.o
       172         12          0          0          0       1963   stm32f10x_pwr.o
       696         32          0         20          0       9000   stm32f10x_rcc.o
       272          6          0          0          0       3184   stm32f10x_rtc.o
       628         14          0          0          0       7006   stm32f10x_spi.o
      2800         84          0          0          0      23922   stm32f10x_tim.o
       808         22          0          0          0       8848   stm32f10x_usart.o
       686         32          0          4       4096       6116   stmflash.o
       344         34          0         20          0       1719   system_stm32f10x.o
      3508         86          0         60        500      29161   tasks.o
       340         26          0          8          0       6822   timerx.o
      6648        390          0         94        182      31743   tstat_wifi.o
       788         36          0          4          0       3862   usart.o
       628         68          0          0         20       3103   user_arm.o
      4806        498        105        108      70730      43227   user_data.o
       344         20          0         12         10       2308   voc.o
      3960        338          0         25      40056      13929   wifi.o

    ----------------------------------------------------------------------
    157754      10602      98592       1378     312258    1177844   Object Totals
         0          0         64          0          0          0   (incl. Generated)
        12          0         10         29          8          0   (incl. Padding)

    ----------------------------------------------------------------------

      Code (inc. data)   RO Data    RW Data    ZI Data      Debug   Library Member Name

      2204         66        562          0       3533      14947   inputs.o
       124          4          0          0       2880       1131   outputs.o
        88          6          0          0          0       1850   abort.o
      1448         20          0          0       7905      16653   address.o
       772         18         44          1          0     257673   ai.o
      1240         22         52          1          0      12551   ao.o
      1136         96          0         57        404       7892   apdu.o
      1170         22         32          1          0       6977   av.o
       156          0          0          0          0       1446   bacaddr.o
      2052        148          0         12          0      10010   bacapp.o
      3404         20          0          0          0      29548   bacdcode.o
       190          0          0          0          0       4604   bacerror.o
       312          4          0          0          0       3616   bacint.o
       278          0          0          0          0       3548   bacreal.o
      1388         18        256          0          0      13169   bacstr.o
       162          0          0          0          0       2268   bactimevalue.o
       752         20         44          1         64       6013   bi.o
      1294         28         64          1          0      48095   bo.o
       996         20         48          1          0       5289   bv.o
        32          0          0          0          0        958   bvlc.o
       628          8         32          1          0       4540   calendar.o
        78          0          0          0          0        796   crc.o
       128          0          0          0          0      44732   datalink.o
      1720          6         52          0          0      15186   datetime.o
      2376         92        128        656          0      12299   device.o
      2704         92          0         48        626      11994   dlmstp.o
       378          0          0          0          0       4387   fifo.o
       210          0          0          0          0       1917   h_iam.o
       148          0          0          0          0       1379   h_npdu.o
       736         14          0          0          0       2777   h_rp.o
       932         14          0          0        600       4368   h_rpm.o
       160          6          0          0          0       1520   h_ts.o
       162          0          0          0          0       2190   h_whohas.o
        72         10          0          4          0       1696   h_whois.o
       392         14          0          0        619       2417   h_wp.o
       308          4          0          0          0       1966   h_wpm.o
       302          0          0          0          0       2220   iam.o
       240          0          0          0          0       2391   ihave.o
        28          0          0          0          0        690   memcopy.o
       840         10         52          1          0       5677   msv.o
        84          4          0          0          0       4431   noserv.o
       688          4          0          0          0       3073   npdu.o
       450          0          0          0          0       2825   proplist.o
       448         10         20          1          0       4554   proprietary.o
       104         10          0          0          0       1857   reject.o
       584          0          0          0          0       3663   rp.o
      1138          0          0          0          0       8138   rpm.o
       164         14          0          2        528       3425   rs485.o
       234          0          0          0          0       2516   s_iam.o
       132          6          0          0          0       1890   s_ihave.o
       272         12          0          0          0       2420   s_rp.o
       356         12          0          0          0       2885   s_ts.o
       248         20          0          0          0       2124   s_upt.o
       264         12          0          0          0       2818   s_whois.o
       380         14          0          0          0       2867   s_wp.o
      1232         12         64         11          0       5336   schedule.o
       548          0          0          0          0       3705   timesync.o
       656         10          0          1     168810       5044   tsm.o
         0          0          0          0       1252        606   txbuf.o
       348          0          0          0          0       2275   whohas.o
       424         12          0          0          0       3146   whois.o
       452          0          0          0          0       2107   wp.o
       798          0          0          0          0       4266   wpm.o
       156          8          0          0          0        104   cos.o
       252         22         48          0          0        124   cos_i.o
        68         10          0          0          0        408   dunder.o
       644         90         88          0          0        204   exp.o
        40          0          0          0          0         68   fpclassify.o
       860         52         56          0          0        256   log.o
       170          0          0          0          0         96   poly.o
      2520        190        136          0          0        324   pow.o
         0          0          8          0          0          0   qnan.o
       904         76        200          0          0        140   rred.o
       160         10          0          0          0        108   sin.o
       236         12         40          0          0        128   sin_i.o
        76          0          0          0          0         84   sqrt.o
        28          0          0          0          0         80   strtod.o
        56          8          0          0          0         84   __0sscanf.o
        86          0          0          0          0          0   __dczerorl2.o
        28          0          0          0          0         68   _chval.o
       816          6          0          0          0        112   _scanf.o
       332          0          0          0          0         96   _scanf_int.o
        64          0          0          0          0         84   _sgetc.o
       158          0          0          0          0         92   _strtoul.o
         8          4        133          0          0         68   ctype_o.o
         0          0          0          0          0          0   entry.o
         0          0          0          0          0          0   entry10a.o
         0          0          0          0          0          0   entry11a.o
         4          0          0          0          0          0   entry12b.o
         8          4          0          0          0          0   entry2.o
         4          0          0          0          0          0   entry5.o
         0          0          0          0          0          0   entry7b.o
         0          0          0          0          0          0   entry8b.o
         8          4          0          0          0          0   entry9a.o
        20         10          0          4          0        136   errno.o
        30          0          0          0          0          0   handlers.o
        36          8          0          0          0         68   init.o
        18          0          0          0          0         76   isspace_o.o
         0          0          0          0          0          0   iusefp.o
        30          0          0          0          0         68   llshl.o
        36          0          0          0          0         68   llsshr.o
        32          0          0          0          0         68   llushr.o
       188         20          0          0          0        160   malloc.o
        20          0          0          0          0         68   memchr.o
        26          0          0          0          0         80   memcmp.o
        36          0          0          0          0         68   memcpya.o
        36          0          0          0          0        108   memseta.o
         0          0          0          8          0          0   mvars.o
      2268         96          0          0          0        616   printfa.o
        36         10          0          4          0        136   rand.o
        40          8          0          0          0         84   scanf_char.o
       878         12          0          0          0        216   scanf_fp.o
        20          0          0          0          0         68   strchr.o
        18          0          0          0          0         68   strcpy.o
        14          0          0          0          0         68   strlen.o
        36          0          0          0          0         80   strstr.o
       156         12          0          0          0        120   strtod.o
       112          0          0          0          0         88   strtol.o
       114          0          0          0          0         92   strtoul.o
        44          0          0          0          0         80   uidiv.o
        98          0          0          0          0         92   uldiv.o
        48          0          0          0          0         68   cdcmple.o
        48          0          0          0          0         68   cdrcmple.o
        20          0          0          0          0         68   cfcmple.o
        56          0          0          0          0         88   d2f.o
       334          0          0          0          0        148   dadd.o
       222          0          0          0          0        100   ddiv.o
       186          0          0          0          0        176   depilogue.o
        62          0          0          0          0         80   dfixi.o
        50          0          0          0          0         76   dfixui.o
        48          0          0          0          0         68   dfixul.o
        34          0          0          0          0         76   dflti.o
        26          0          0          0          0         76   dfltui.o
        24          0          0          0          0         76   dfltul.o
       228          0          0          0          0         96   dmul.o
        46          0          0          0          0         80   dscalb.o
       162          0          0          0          0        100   dsqrt.o
        38          0          0          0          0         68   f2d.o
       176          0          0          0          0        140   fadd.o
       124          0          0          0          0         88   fdiv.o
       110          0          0          0          0        168   fepilogue.o
        50          0          0          0          0         68   ffixi.o
        40          0          0          0          0         68   ffixui.o
        18          0          0          0          0         68   fflti.o
        10          0          0          0          0         68   ffltui.o
       100          0          0          0          0         76   fmul.o
        24          0          0          0          0         68   fscalb.o
        62          0          0          0          0         96   setjmp.o

    ----------------------------------------------------------------------
     56150       1606       2168        822     187226     657275   Library Totals
        32          0          9          6          5          0   (incl. Padding)

    ----------------------------------------------------------------------

      Code (inc. data)   RO Data    RW Data    ZI Data      Debug   Library Name

      2328         70        562          0       6413      16078   IO_control_ARM_revx.lib
     39416        864        888        800     180808     633273   bacnet_ARM_revXX_T10.lib
      6114        470        576          0          0       2124   m_ws.l
      5914        202        133         16          0       3380   mc_w.l
      2346          0          0          0          0       2420   mf_w.l

    ----------------------------------------------------------------------
     56150       1606       2168        822     187226     657275   Library Totals

    ----------------------------------------------------------------------

==============================================================================


      Code (inc. data)   RO Data    RW Data    ZI Data      Debug   

    213904      12208     100760       2200     499484    1812835   Grand Totals
    213904      12208     100760        740     499484    1812835   ELF Image Totals (compressed)
    213904      12208     100760        740          0          0   ROM Totals

==============================================================================

    Total RO  Size (Code + RO Data)               314664 ( 307.29kB)
    Total RW  Size (RW Data + ZI Data)            501684 ( 489.93kB)
    Total ROM Size (Code + RO Data + RW Data)     315404 ( 308.01kB)

==============================================================================

